BL51 BANKED LINKER/LOCATER V6.22                                                        11/21/2016  21:46:11  PAGE 1


BL51 BANKED LINKER/LOCATER V6.22, INVOKED BY:
D:\KEIL\C51\BIN\BL51.EXE ..\OBJ\STARTUP.obj, ..\OBJ\main.obj, ..\OBJ\Car_Control.obj, ..\OBJ\delay.obj, ..\OBJ\PWM_PCA.o
>> bj, ..\OBJ\Timer.obj, ..\OBJ\uart.obj, ..\OBJ\NRF24L01.obj, ..\OBJ\RC.obj, ..\OBJ\color_sensor.obj, ..\OBJ\dht11.obj,
>>  ..\OBJ\Infrared_emission.obj, ..\OBJ\IR_control.obj, ..\OBJ\IR_delay.obj, ..\OBJ\BH1750.obj, ..\OBJ\HC_SR04.obj TO .
>> .\OBJ\Ñ­¼£ PRINT (.\Ñ­¼£.m51) RAMSIZE (256) CODE (0X0000-0XEFFF) XDATA (0X0000-0X03FF)


MEMORY MODEL: SMALL WITH FLOATING POINT ARITHMETIC


INPUT MODULES INCLUDED:
  ..\OBJ\STARTUP.obj (?C_STARTUP)
  ..\OBJ\main.obj (MAIN)
  ..\OBJ\Car_Control.obj (CAR_CONTROL)
  ..\OBJ\delay.obj (DELAY)
  ..\OBJ\PWM_PCA.obj (PWM_PCA)
  ..\OBJ\Timer.obj (TIMER)
  ..\OBJ\uart.obj (UART)
  ..\OBJ\NRF24L01.obj (NRF24L01)
  ..\OBJ\RC.obj (RC)
  ..\OBJ\color_sensor.obj (COLOR_SENSOR)
  ..\OBJ\dht11.obj (DHT11)
  ..\OBJ\Infrared_emission.obj (INFRARED_EMISSION)
  ..\OBJ\IR_control.obj (IR_CONTROL)
  ..\OBJ\IR_delay.obj (IR_DELAY)
  ..\OBJ\BH1750.obj (BH1750)
  ..\OBJ\HC_SR04.obj (HC_SR04)
  D:\KEIL\C51\LIB\C51FPS.LIB (?C?FPMUL)
  D:\KEIL\C51\LIB\C51FPS.LIB (?C?FPDIV)
  D:\KEIL\C51\LIB\C51FPS.LIB (?C?FPCMP)
  D:\KEIL\C51\LIB\C51FPS.LIB (?C?FCAST)
  D:\KEIL\C51\LIB\C51FPS.LIB (?C?CASTF)
  D:\KEIL\C51\LIB\C51FPS.LIB (PRINTF)
  D:\KEIL\C51\LIB\C51FPS.LIB (?C?FPGETOPN)
  D:\KEIL\C51\LIB\C51FPS.LIB (?C?FPROUND)
  D:\KEIL\C51\LIB\C51FPS.LIB (?C?FPCONVERT)
  D:\KEIL\C51\LIB\C51FPS.LIB (?C?FPADD)
  D:\KEIL\C51\LIB\C51FPS.LIB (?C?FTNPWR)
  D:\KEIL\C51\LIB\C51S.LIB (?C_INIT)
  D:\KEIL\C51\LIB\C51S.LIB (?C?CLDPTR)
  D:\KEIL\C51\LIB\C51S.LIB (?C?CLDOPTR)
  D:\KEIL\C51\LIB\C51S.LIB (?C?CSTPTR)
  D:\KEIL\C51\LIB\C51S.LIB (?C?CSTOPTR)
  D:\KEIL\C51\LIB\C51S.LIB (?C?UIDIV)
  D:\KEIL\C51\LIB\C51S.LIB (?C?SLDIV)
  D:\KEIL\C51\LIB\C51S.LIB (?C?LNEG)
  D:\KEIL\C51\LIB\C51S.LIB (?C?PLDIIDATA)
  D:\KEIL\C51\LIB\C51S.LIB (?C?CCASE)
  D:\KEIL\C51\LIB\C51S.LIB (PUTCHAR)
  D:\KEIL\C51\LIB\C51S.LIB (?C?COPYP2)
  D:\KEIL\C51\LIB\C51S.LIB (?C?ULDIV)


LINK MAP OF MODULE:  ..\OBJ\Ñ­¼£ (?C_STARTUP)


            TYPE    BASE      LENGTH    RELOCATION   SEGMENT NAME
            -----------------------------------------------------
BL51 BANKED LINKER/LOCATER V6.22                                                      11/21/2016  21:46:11  PAGE 2



            * * * * * * *   D A T A   M E M O R Y   * * * * * * *
            REG     0000H     0008H     ABSOLUTE     "REG BANK 0"
            DATA    0008H     0016H     UNIT         ?DT?COLOR_SENSOR
            DATA    001EH     0002H     UNIT         ?DT?TIMER
            BIT     0020H.0   0001H.1   UNIT         _BIT_GROUP_
                    0021H.1   0000H.7                *** GAP ***
            DATA    0022H     0020H     UNIT         _DATA_GROUP_
            DATA    0042H     000FH     UNIT         ?DT?BH1750
            DATA    0051H     0002H     UNIT         ?DT?_U16DATA_UART?UART
            DATA    0053H     0001H     UNIT         ?DT?MAIN
            DATA    0054H     0001H     UNIT         ?DT?_NRF24L01_RX_MODE?NRF24L01
            DATA    0055H     0001H     UNIT         ?DT?DHT11
            IDATA   0056H     0001H     UNIT         ?STACK

            * * * * * * *  X D A T A   M E M O R Y  * * * * * * *
            XDATA   0000H     0004H     UNIT         _XDATA_GROUP_
            XDATA   0004H     0002H     UNIT         ?XD?_NRF24L01_RXPACKET?NRF24L01

            * * * * * * *   C O D E   M E M O R Y   * * * * * * *
            CODE    0000H     0003H     ABSOLUTE     
            CODE    0003H     0008H     UNIT         ?PR?_UART_SENDDATA?UART
            CODE    000BH     0003H     ABSOLUTE     
* OVERLAP * CODE    000BH     0003H     ABSOLUTE     
            CODE    000EH     000DH     UNIT         ?PR?CAR_INIT?CAR_CONTROL
            CODE    001BH     0003H     ABSOLUTE     
            CODE    001EH     083FH     UNIT         ?C?LIB_CODE
            CODE    085DH     046FH     UNIT         ?PR?PRINTF?PRINTF
            CODE    0CCCH     019AH     UNIT         ?PR?MAIN?MAIN
            CODE    0E66H     0134H     UNIT         ?PR?BH_LIGHT?BH1750
            CODE    0F9AH     00F8H     UNIT         ?PR?C10MS_OUT?COLOR_SENSOR
            CODE    1092H     009CH     UNIT         ?PR?FOLLOWLINE?CAR_CONTROL
            CODE    112EH     0096H     UNIT         ?PR?_NRF24L01_TRANSMIT?RC
            CODE    11C4H     008FH     UNIT         ?PR?HC_SR?HC_SR04
            CODE    1253H     008CH     UNIT         ?C_C51STARTUP
            CODE    12DFH     0086H     UNIT         ?PR?YANSE?COLOR_SENSOR
            CODE    1365H     007EH     UNIT         ?PR?DHT11?DHT11
            CODE    13E3H     007EH     UNIT         ?PR?_CONVERSION?BH1750
            CODE    1461H     0066H     UNIT         ?PR?_U16DATA_UART?UART
            CODE    14C7H     0060H     UNIT         ?PR?_SPI_WRITE_BUF?NRF24L01
            CODE    1527H     005CH     UNIT         ?PR?NRF24L01_CHECK?NRF24L01
            CODE    1583H     0053H     UNIT         ?PR?IR_DH?IR_CONTROL
            CODE    15D6H     004BH     UNIT         ?PR?_NRF24L01_TX_MODE?NRF24L01
            CODE    1621H     004BH     UNIT         ?CO?NRF24L01
            CODE    166CH     0044H     UNIT         ?PR?_SPI_READ_BUF?NRF24L01
            CODE    16B0H     0044H     UNIT         ?C?LDIV
            CODE    16F4H     003EH     UNIT         ?PR?ULTRASOUND_CHECK?HC_SR04
            CODE    1732H     003BH     UNIT         ?PR?_NRF24L01_RXPACKET?NRF24L01
            CODE    176DH     003BH     UNIT         ?PR?_NRF24L01_TXPACKET?NRF24L01
            CODE    17A8H     0039H     UNIT         ?PR?COM?DHT11
            CODE    17E1H     0034H     UNIT         ?PR?_DELAY_NMS?BH1750
            CODE    1815H     0034H     UNIT         ?PR?CONUT?HC_SR04
            CODE    1849H     002FH     UNIT         ?PR?_NRF24L01_RX_MODE?NRF24L01
            CODE    1878H     002EH     UNIT         ?PR?_SENDIRDATA?INFRARED_EMISSION
            CODE    18A6H     002DH     UNIT         ?PR?_SPI_RW?NRF24L01
            CODE    18D3H     002BH     UNIT         ?PR?_SENDIRDATA_BYTE?INFRARED_EMISSION
            CODE    18FEH     002AH     UNIT         ?PR?_U8DATA_UART?UART
BL51 BANKED LINKER/LOCATER V6.22                                                      11/21/2016  21:46:11  PAGE 3


            CODE    1928H     0029H     UNIT         ?PR?MULTIPLE_READ_BH1750?BH1750
            CODE    1951H     0028H     UNIT         ?PR?_CHECKSUM?RC
            CODE    1979H     0027H     UNIT         ?PR?PUTCHAR?PUTCHAR
            CODE    19A0H     0022H     UNIT         ?PR?TIMER0_ISR?TIMER
            CODE    19C2H     0020H     UNIT         ?PR?_DELAY_MS?DELAY
            CODE    19E2H     0020H     UNIT         ?PR?_U8_SENDDATA?UART
            CODE    1A02H     0020H     UNIT         ?PR?_SPI_RW_REG?NRF24L01
            CODE    1A22H     001FH     UNIT         ?PR?_MULTIPLE_SENDIRDATA?INFRARED_EMISSION
            CODE    1A41H     001EH     UNIT         ?PR?_DELAY_US?DELAY
            CODE    1A5FH     001EH     UNIT         ?PR?_DELAY?DELAY
            CODE    1A7DH     001EH     UNIT         ?PR?BH1750_RECVBYTE?BH1750
            CODE    1A9BH     0019H     UNIT         ?PR?_PC_PRINTF_UART?UART
            CODE    1AB4H     0019H     UNIT         ?PR?_BH1750_SENDBYTE?BH1750
            CODE    1ACDH     0016H     UNIT         ?CO?COLOR_SENSOR
            CODE    1AE3H     0015H     UNIT         ?PR?CAR_CHECK?CAR_CONTROL
            CODE    1AF8H     0015H     UNIT         ?PR?PWM_PCA_INIT?PWM_PCA
            CODE    1B0DH     0015H     UNIT         ?PR?_UART_U8?UART
            CODE    1B22H     0015H     UNIT         ?PR?UARTINIT?UART
            CODE    1B37H     0015H     UNIT         ?PR?_UART_BYTE?UART
            CODE    1B4CH     0014H     UNIT         ?PR?INITTIMER0?TIMER
            CODE    1B60H     0013H     UNIT         ?PR?INITUART?UART
            CODE    1B73H     0013H     UNIT         ?PR?T0_INIT?COLOR_SENSOR
            CODE    1B86H     0013H     UNIT         ?C_INITSEG
            CODE    1B99H     0012H     UNIT         ?PR?_DELAY_2US?DELAY
            CODE    1BABH     0012H     UNIT         ?PR?_SPI_READ?NRF24L01
            CODE    1BBDH     0012H     UNIT         ?PR?_SINGLE_WRITE_BH1750?BH1750
            CODE    1BCFH     0011H     UNIT         ?PR?INITTIMER1?TIMER
            CODE    1BE0H     0011H     UNIT         ?PR?DELAY5US?BH1750
            CODE    1BF1H     0010H     UNIT         ?PR?NRF24L01_FINDMYSELF?RC
            CODE    1C01H     000FH     UNIT         ?PR?DELAY18MS?DHT11
            CODE    1C10H     000FH     UNIT         ?PR?DELAY5MS?BH1750
            CODE    1C1FH     000FH     UNIT         ?PR?BH1750_START?BH1750
            CODE    1C2EH     000EH     UNIT         ?PR?DELAY_10US?DHT11
            CODE    1C3CH     000EH     UNIT         ?PR?BH1750_SENDACK?BH1750
            CODE    1C4AH     000DH     UNIT         ?PR?DELAY500MS?DELAY
            CODE    1C57H     000DH     UNIT         ?CO?UART
            CODE    1C64H     000DH     UNIT         ?PR?BH1750_RECVACK?BH1750
            CODE    1C71H     000CH     UNIT         ?PR?SETRX_MODE?NRF24L01
            CODE    1C7DH     000CH     UNIT         ?PR?DELAY560US?IR_DELAY
            CODE    1C89H     000CH     UNIT         ?PR?DELAY9MS?IR_DELAY
            CODE    1C95H     000CH     UNIT         ?PR?BH1750_STOP?BH1750
            CODE    1CA1H     000CH     UNIT         ?PR?START_HC_SR04?HC_SR04
            CODE    1CADH     000BH     UNIT         ?PR?DELAY10MS?DELAY
            CODE    1CB8H     000AH     UNIT         ?PR?TIMER1_ISR?TIMER
            CODE    1CC2H     000AH     UNIT         ?PR?DELAY1693US?IR_DELAY
            CODE    1CCCH     0009H     UNIT         ?PR?_PWM_SET?PWM_PCA
            CODE    1CD5H     0009H     UNIT         ?PR?DELAY4500US?IR_DELAY
            CODE    1CDEH     0006H     UNIT         ?CO?DHT11
            CODE    1CE4H     0005H     UNIT         ?PR?INIT_NRF24L01?NRF24L01
            CODE    1CE9H     0005H     UNIT         ?CO?RC
            CODE    1CEEH     0005H     UNIT         ?PR?INIT_BH1750?BH1750



OVERLAY MAP OF MODULE:   ..\OBJ\Ñ­¼£ (?C_STARTUP)


BL51 BANKED LINKER/LOCATER V6.22                                                      11/21/2016  21:46:11  PAGE 4


SEGMENT                                             BIT_GROUP          DATA_GROUP          XDATA_GROUP
  +--> CALLED SEGMENT                            START    LENGTH     START    LENGTH     START    LENGTH
--------------------------------------------------------------------------------------------------------
?C_C51STARTUP                                    -----    -----      -----    -----      -----    -----
  +--> ?PR?MAIN?MAIN
  +--> ?C_INITSEG

?PR?MAIN?MAIN                                    -----    -----      -----    -----      -----    -----
  +--> ?PR?CAR_INIT?CAR_CONTROL
  +--> ?PR?PWM_PCA_INIT?PWM_PCA
  +--> ?PR?_PWM_SET?PWM_PCA
  +--> ?PR?_DELAY_MS?DELAY
  +--> ?PR?INIT_NRF24L01?NRF24L01
  +--> ?PR?NRF24L01_FINDMYSELF?RC
  +--> ?PR?_NRF24L01_TX_MODE?NRF24L01
  +--> ?PR?_NRF24L01_TRANSMIT?RC
  +--> ?PR?FOLLOWLINE?CAR_CONTROL
  +--> ?PR?CAR_CHECK?CAR_CONTROL
  +--> ?PR?HC_SR?HC_SR04
  +--> ?PR?BH_LIGHT?BH1750
  +--> ?PR?YANSE?COLOR_SENSOR
  +--> ?PR?IR_DH?IR_CONTROL

?PR?NRF24L01_FINDMYSELF?RC                       -----    -----      -----    -----      -----    -----
  +--> ?PR?NRF24L01_CHECK?NRF24L01
  +--> ?PR?DELAY500MS?DELAY

?PR?NRF24L01_CHECK?NRF24L01                      -----    -----      0022H    0005H      0000H    0001H
  +--> ?CO?NRF24L01
  +--> ?PR?_SPI_WRITE_BUF?NRF24L01
  +--> ?PR?_SPI_READ_BUF?NRF24L01

?PR?_SPI_WRITE_BUF?NRF24L01                      -----    -----      0028H    0005H      0001H    0002H
  +--> ?CO?NRF24L01
  +--> ?PR?_SPI_RW?NRF24L01

?PR?_SPI_RW?NRF24L01                             -----    -----      -----    -----      0003H    0001H

?PR?_SPI_READ_BUF?NRF24L01                       -----    -----      0027H    0005H      0001H    0002H
  +--> ?PR?_SPI_RW?NRF24L01

?PR?_NRF24L01_TX_MODE?NRF24L01                   -----    -----      0022H    0002H      -----    -----
  +--> ?CO?NRF24L01
  +--> ?PR?_SPI_WRITE_BUF?NRF24L01
  +--> ?PR?_SPI_RW_REG?NRF24L01

?PR?_SPI_RW_REG?NRF24L01                         -----    -----      -----    -----      0001H    0001H
  +--> ?CO?NRF24L01
  +--> ?PR?_SPI_RW?NRF24L01

?PR?_NRF24L01_TRANSMIT?RC                        -----    -----      0022H    0006H      -----    -----
  +--> ?CO?RC
  +--> ?PR?_CHECKSUM?RC
  +--> ?PR?_NRF24L01_TXPACKET?NRF24L01
  +--> ?PR?_UART_SENDDATA?UART

?PR?_CHECKSUM?RC                                 -----    -----      0028H    0003H      -----    -----
BL51 BANKED LINKER/LOCATER V6.22                                                      11/21/2016  21:46:11  PAGE 5



?PR?_NRF24L01_TXPACKET?NRF24L01                  -----    -----      -----    -----      0000H    0001H
  +--> ?PR?_SPI_WRITE_BUF?NRF24L01
  +--> ?PR?_SPI_READ?NRF24L01
  +--> ?PR?_SPI_RW_REG?NRF24L01

?PR?_SPI_READ?NRF24L01                           -----    -----      -----    -----      0001H    0001H
  +--> ?PR?_SPI_RW?NRF24L01

?PR?FOLLOWLINE?CAR_CONTROL                       -----    -----      -----    -----      -----    -----
  +--> ?PR?_DELAY_MS?DELAY

?PR?CAR_CHECK?CAR_CONTROL                        -----    -----      -----    -----      -----    -----
  +--> ?PR?_DELAY_MS?DELAY

?PR?HC_SR?HC_SR04                                -----    -----      0022H    000AH      -----    -----
  +--> ?PR?INITUART?UART
  +--> ?PR?ULTRASOUND_CHECK?HC_SR04
  +--> ?PR?_DELAY_MS?DELAY
  +--> ?PR?FOLLOWLINE?CAR_CONTROL

?PR?ULTRASOUND_CHECK?HC_SR04                     -----    -----      002CH    0004H      -----    -----
  +--> ?PR?START_HC_SR04?HC_SR04
  +--> ?PR?CONUT?HC_SR04

?PR?START_HC_SR04?HC_SR04                        -----    -----      -----    -----      -----    -----
  +--> ?PR?_DELAY_2US?DELAY

?PR?BH_LIGHT?BH1750                              -----    -----      0022H    0006H      -----    -----
  +--> ?PR?_DELAY_NMS?BH1750
  +--> ?PR?INIT_BH1750?BH1750
  +--> ?PR?_SINGLE_WRITE_BH1750?BH1750
  +--> ?PR?MULTIPLE_READ_BH1750?BH1750
  +--> ?PR?_CONVERSION?BH1750

?PR?INIT_BH1750?BH1750                           -----    -----      -----    -----      -----    -----
  +--> ?PR?_SINGLE_WRITE_BH1750?BH1750

?PR?_SINGLE_WRITE_BH1750?BH1750                  -----    -----      -----    -----      -----    -----
  +--> ?PR?BH1750_START?BH1750
  +--> ?PR?_BH1750_SENDBYTE?BH1750
  +--> ?PR?BH1750_STOP?BH1750

?PR?BH1750_START?BH1750                          -----    -----      -----    -----      -----    -----
  +--> ?PR?DELAY5US?BH1750

?PR?_BH1750_SENDBYTE?BH1750                      -----    -----      -----    -----      -----    -----
  +--> ?PR?DELAY5US?BH1750
  +--> ?PR?BH1750_RECVACK?BH1750

?PR?BH1750_RECVACK?BH1750                        -----    -----      -----    -----      -----    -----
  +--> ?PR?DELAY5US?BH1750

?PR?BH1750_STOP?BH1750                           -----    -----      -----    -----      -----    -----
  +--> ?PR?DELAY5US?BH1750

?PR?MULTIPLE_READ_BH1750?BH1750                  -----    -----      -----    -----      -----    -----
BL51 BANKED LINKER/LOCATER V6.22                                                      11/21/2016  21:46:11  PAGE 6


  +--> ?PR?BH1750_START?BH1750
  +--> ?PR?_BH1750_SENDBYTE?BH1750
  +--> ?PR?BH1750_RECVBYTE?BH1750
  +--> ?PR?BH1750_SENDACK?BH1750
  +--> ?PR?BH1750_STOP?BH1750
  +--> ?PR?DELAY5MS?BH1750

?PR?BH1750_RECVBYTE?BH1750                       -----    -----      -----    -----      -----    -----
  +--> ?PR?DELAY5US?BH1750

?PR?BH1750_SENDACK?BH1750                        0020H.0  0000H.1    -----    -----      -----    -----
  +--> ?PR?DELAY5US?BH1750

?PR?YANSE?COLOR_SENSOR                           -----    -----      0022H    0002H      -----    -----
  +--> ?PR?_DELAY_US?DELAY
  +--> ?PR?T0_INIT?COLOR_SENSOR
  +--> ?PR?UARTINIT?UART
  +--> ?CO?COLOR_SENSOR
  +--> ?PR?PRINTF?PRINTF
  +--> ?PR?_DELAY_MS?DELAY

?PR?PRINTF?PRINTF                                0020H.0  0001H.1    0024H    001CH      -----    -----
  +--> ?PR?PUTCHAR?PUTCHAR

?PR?IR_DH?IR_CONTROL                             -----    -----      0022H    0005H      -----    -----
  +--> ?PR?_MULTIPLE_SENDIRDATA?INFRARED_EMI...
  +--> ?PR?_DELAY_MS?DELAY
  +--> ?PR?DHT11?DHT11

?PR?_MULTIPLE_SENDIRDATA?INFRARED_EMI...         -----    -----      0027H    0004H      -----    -----
  +--> ?PR?_SENDIRDATA?INFRARED_EMISSION
  +--> ?PR?DELAY500MS?DELAY

?PR?_SENDIRDATA?INFRARED_EMISSION                -----    -----      002BH    0002H      -----    -----
  +--> ?PR?DELAY9MS?IR_DELAY
  +--> ?PR?DELAY4500US?IR_DELAY
  +--> ?PR?_SENDIRDATA_BYTE?INFRARED_EMISSION
  +--> ?PR?DELAY560US?IR_DELAY

?PR?_SENDIRDATA_BYTE?INFRARED_EMISSION           -----    -----      002DH    0002H      -----    -----
  +--> ?PR?DELAY560US?IR_DELAY
  +--> ?PR?DELAY1693US?IR_DELAY

?PR?DHT11?DHT11                                  -----    -----      0027H    0007H      -----    -----
  +--> ?CO?DHT11
  +--> ?PR?DELAY18MS?DHT11
  +--> ?PR?DELAY_10US?DHT11
  +--> ?PR?COM?DHT11

?PR?COM?DHT11                                    -----    -----      -----    -----      -----    -----
  +--> ?PR?DELAY_10US?DHT11

*** NEW ROOT ***************************************************

?PR?C10MS_OUT?COLOR_SENSOR                       -----    -----      0040H    0002H      -----    -----


BL51 BANKED LINKER/LOCATER V6.22                                                      11/21/2016  21:46:11  PAGE 7



UNRESOLVED EXTERNAL SYMBOLS:
   SR04_OVER_FLAG
   ULTRA_CHECK_FLAG



SYMBOL TABLE OF MODULE:  ..\OBJ\Ñ­¼£ (?C_STARTUP)

  VALUE           TYPE          NAME
  ----------------------------------

  -------         MODULE        ?C_STARTUP
  C:1253H         SEGMENT       ?C_C51STARTUP
  I:0056H         SEGMENT       ?STACK
  C:0000H         PUBLIC        ?C_STARTUP
  D:00E0H         SYMBOL        ACC
  D:00F0H         SYMBOL        B
  D:0083H         SYMBOL        DPH
  D:0082H         SYMBOL        DPL
  N:0000H         SYMBOL        IBPSTACK
  N:0100H         SYMBOL        IBPSTACKTOP
  N:0080H         SYMBOL        IDATALEN
  C:1256H         SYMBOL        IDATALOOP
  N:0000H         SYMBOL        PBPSTACK
  N:0100H         SYMBOL        PBPSTACKTOP
  N:0000H         SYMBOL        PDATALEN
  N:0000H         SYMBOL        PDATASTART
  N:0000H         SYMBOL        PPAGE
  N:0000H         SYMBOL        PPAGEENABLE
  D:00A0H         SYMBOL        PPAGE_SFR
  D:0081H         SYMBOL        SP
  C:1253H         SYMBOL        STARTUP1
  N:0000H         SYMBOL        XBPSTACK
  N:0000H         SYMBOL        XBPSTACKTOP
  N:0000H         SYMBOL        XDATALEN
  N:0000H         SYMBOL        XDATASTART
  C:0000H         LINE#         126
  C:1253H         LINE#         133
  C:1255H         LINE#         134
  C:1256H         LINE#         135
  C:1257H         LINE#         136
  C:1259H         LINE#         185
  C:125CH         LINE#         196
  -------         ENDMOD        ?C_STARTUP

  -------         MODULE        MAIN
  C:0000H         SYMBOL        _ICE_DUMMY_
  D:0080H         PUBLIC        P0
  D:0090H         PUBLIC        P1
  D:00B4H         PUBLIC        P4M0
  D:00A0H         PUBLIC        P2
  D:00B3H         PUBLIC        P4M1
  D:00B0H         PUBLIC        P3
  D:00C0H         PUBLIC        P4
  D:00C8H         PUBLIC        P5
  D:00A8H         PUBLIC        IE
BL51 BANKED LINKER/LOCATER V6.22                                                      11/21/2016  21:46:11  PAGE 8


  D:00B8H         PUBLIC        IP
  B:0090H.7       PUBLIC        BEEP
  D:00D8H         PUBLIC        CCON
  C:0CCCH         PUBLIC        main
  B:0090H.0       PUBLIC        MOTOR_A_CON1
  B:0090H.2       PUBLIC        MOTOR_B_CON1
  B:0090H.1       PUBLIC        MOTOR_A_CON2
  B:0090H.5       PUBLIC        MOTOR_B_CON2
  D:00BBH         PUBLIC        P4SW
  D:0053H         PUBLIC        renwu_flag
  D:0098H         PUBLIC        SCON
  D:0088H         PUBLIC        TCON
  D:00D0H         PUBLIC        PSW
  -------         PROC          MAIN
  C:0CCCH         LINE#         14
  C:0CCCH         LINE#         15
  C:0CCCH         LINE#         16
  C:0CCFH         LINE#         17
  C:0CD2H         LINE#         18
  C:0CD9H         LINE#         19
  C:0CE0H         LINE#         21
  C:0CE3H         LINE#         22
  C:0CE6H         LINE#         23
  C:0CE9H         LINE#         24
  C:0CEBH         LINE#         25
  C:0CEEH         LINE#         26
  C:0CF1H         LINE#         27
  C:0CF8H         LINE#         28
  C:0CFDH         LINE#         29
  C:0D02H         LINE#         30
  C:0D02H         LINE#         31
  C:0D02H         LINE#         32
  C:0D05H         LINE#         33
  C:0D2CH         LINE#         34
  C:0D2CH         LINE#         35
  C:0D2FH         LINE#         36
  C:0D32H         LINE#         37
  C:0D32H         LINE#         38
  C:0D34H         LINE#         40
  C:0D37H         LINE#         41
  C:0D3FH         LINE#         42
  C:0D3FH         LINE#         43
  C:0D41H         LINE#         45
  C:0D44H         LINE#         46
  C:0D53H         LINE#         47
  C:0D62H         LINE#         48
  C:0D67H         LINE#         49
  C:0D67H         LINE#         50
  C:0D6AH         LINE#         52
  C:0D6DH         LINE#         53
  C:0D7CH         LINE#         54
  C:0D7FH         LINE#         55
  C:0D84H         LINE#         56
  C:0D93H         LINE#         57
  C:0D93H         LINE#         58
  C:0D96H         LINE#         59
  C:0D99H         LINE#         60
BL51 BANKED LINKER/LOCATER V6.22                                                      11/21/2016  21:46:11  PAGE 9


  C:0DA8H         LINE#         61
  C:0DA8H         LINE#         62
  C:0DABH         LINE#         64
  C:0DAEH         LINE#         65
  C:0DBDH         LINE#         66
  C:0DC7H         LINE#         67
  C:0DC7H         LINE#         68
  C:0DC9H         LINE#         70
  C:0DCCH         LINE#         71
  C:0DD1H         LINE#         72
  C:0DE0H         LINE#         73
  C:0DE0H         LINE#         74
  C:0DE2H         LINE#         76
  C:0DE5H         LINE#         77
  C:0DF4H         LINE#         78
  C:0DFCH         LINE#         79
  C:0DFFH         LINE#         80
  C:0E0EH         LINE#         81
  C:0E16H         LINE#         82
  C:0E19H         LINE#         83
  C:0E19H         LINE#         84
  C:0E1BH         LINE#         86
  C:0E1EH         LINE#         87
  C:0E2DH         LINE#         88
  C:0E32H         LINE#         90
  C:0E41H         LINE#         91
  C:0E44H         LINE#         92
  C:0E49H         LINE#         94
  C:0E4CH         LINE#         95
  C:0E5BH         LINE#         96
  C:0E5EH         LINE#         97
  C:0E60H         LINE#         98
  -------         ENDPROC       MAIN
  -------         ENDMOD        MAIN

  -------         MODULE        CAR_CONTROL
  C:0000H         SYMBOL        _ICE_DUMMY_
  D:0080H         PUBLIC        P0
  D:0090H         PUBLIC        P1
  C:1092H         PUBLIC        FollowLine
  D:00A0H         PUBLIC        P2
  D:00B0H         PUBLIC        P3
  D:00C0H         PUBLIC        P4
  D:00C8H         PUBLIC        P5
  C:000EH         PUBLIC        Car_Init
  D:00A8H         PUBLIC        IE
  D:00B8H         PUBLIC        IP
  D:00D8H         PUBLIC        CCON
  B:0090H.0       PUBLIC        MOTOR_A_CON1
  B:0090H.2       PUBLIC        MOTOR_B_CON1
  B:0090H.1       PUBLIC        MOTOR_A_CON2
  B:0090H.3       PUBLIC        MOTOR_A_EN
  B:0090H.4       PUBLIC        MOTOR_B_EN
  B:0090H.5       PUBLIC        MOTOR_B_CON2
  D:0098H         PUBLIC        SCON
  D:0088H         PUBLIC        TCON
  C:1AE3H         PUBLIC        Car_Check
BL51 BANKED LINKER/LOCATER V6.22                                                      11/21/2016  21:46:11  PAGE 10


  D:00D0H         PUBLIC        PSW
  -------         PROC          CAR_INIT
  C:000EH         LINE#         5
  C:000EH         LINE#         6
  C:000EH         LINE#         7
  C:0010H         LINE#         8
  C:0012H         LINE#         9
  C:001AH         LINE#         10
  -------         ENDPROC       CAR_INIT
  -------         PROC          FOLLOWLINE
  C:1092H         LINE#         15
  C:1092H         LINE#         16
  C:1092H         LINE#         17
  C:10F9H         LINE#         18
  C:10F9H         LINE#         19
  C:10F9H         LINE#         20
  C:10F9H         LINE#         21
  C:10F9H         LINE#         22
  C:10F9H         LINE#         23
  C:10F9H         LINE#         24
  C:10F9H         LINE#         25
  C:10F9H         LINE#         26
  C:10F9H         LINE#         27
  C:10F9H         LINE#         28
  C:10F9H         LINE#         29
  C:10F9H         LINE#         30
  C:10F9H         LINE#         31
  C:10F9H         LINE#         32
  C:10FFH         LINE#         34
  C:10FFH         LINE#         35
  C:10FFH         LINE#         36
  C:10FFH         LINE#         37
  C:10FFH         LINE#         38
  C:10FFH         LINE#         39
  C:10FFH         LINE#         40
  C:10FFH         LINE#         41
  C:10FFH         LINE#         42
  C:10FFH         LINE#         43
  C:10FFH         LINE#         44
  C:10FFH         LINE#         45
  C:10FFH         LINE#         46
  C:10FFH         LINE#         47
  C:1108H         LINE#         49
  C:110EH         LINE#         50
  C:1117H         LINE#         51
  C:111FH         LINE#         52
  C:1126H         LINE#         53
  C:1129H         LINE#         55
  C:112DH         LINE#         56
  C:112DH         LINE#         58
  -------         ENDPROC       FOLLOWLINE
  -------         PROC          CAR_CHECK
  C:1AE3H         LINE#         60
  C:1AE3H         LINE#         61
  C:1AE3H         LINE#         62
  C:1AE8H         LINE#         63
  C:1AE8H         LINE#         64
BL51 BANKED LINKER/LOCATER V6.22                                                      11/21/2016  21:46:11  PAGE 11


  C:1AF7H         LINE#         65
  C:1AF7H         LINE#         66
  -------         ENDPROC       CAR_CHECK
  -------         ENDMOD        CAR_CONTROL

  -------         MODULE        DELAY
  C:0000H         SYMBOL        _ICE_DUMMY_
  D:0080H         PUBLIC        P0
  D:0090H         PUBLIC        P1
  D:00A0H         PUBLIC        P2
  D:00B0H         PUBLIC        P3
  D:00C0H         PUBLIC        P4
  D:00C8H         PUBLIC        P5
  C:1B99H         PUBLIC        _delay_2us
  D:00A8H         PUBLIC        IE
  C:1A5FH         PUBLIC        _delay
  D:00B8H         PUBLIC        IP
  D:00D8H         PUBLIC        CCON
  D:0098H         PUBLIC        SCON
  C:1CADH         PUBLIC        Delay10ms
  D:0088H         PUBLIC        TCON
  C:19C2H         PUBLIC        _delay_ms
  C:1A41H         PUBLIC        _delay_us
  C:1C4AH         PUBLIC        Delay500ms
  D:00D0H         PUBLIC        PSW
  -------         PROC          _DELAY_MS
  D:0006H         SYMBOL        i
  -------         DO            
  D:0002H         SYMBOL        x
  D:0004H         SYMBOL        j
  -------         ENDDO         
  C:19C2H         LINE#         10
  C:19C2H         LINE#         11
  C:19C2H         LINE#         13
  C:19CCH         LINE#         14
  C:19E1H         LINE#         15
  -------         ENDPROC       _DELAY_MS
  -------         PROC          _DELAY_2US
  D:0006H         SYMBOL        us
  C:1B99H         LINE#         22
  C:1B99H         LINE#         23
  C:1B99H         LINE#         25
  C:1BA2H         LINE#         26
  C:1BA2H         LINE#         27
  C:1BA3H         LINE#         28
  C:1BAAH         LINE#         29
  -------         ENDPROC       _DELAY_2US
  -------         PROC          DELAY500MS
  -------         DO            
  D:0007H         SYMBOL        i
  D:0006H         SYMBOL        j
  D:0005H         SYMBOL        k
  -------         ENDDO         
  C:1C4AH         LINE#         31
  C:1C4AH         LINE#         32
  C:1C4AH         LINE#         35
  C:1C4CH         LINE#         36
BL51 BANKED LINKER/LOCATER V6.22                                                      11/21/2016  21:46:11  PAGE 12


  C:1C4EH         LINE#         37
  C:1C50H         LINE#         39
  C:1C50H         LINE#         41
  C:1C50H         LINE#         42
  C:1C52H         LINE#         43
  C:1C54H         LINE#         44
  C:1C56H         LINE#         45
  -------         ENDPROC       DELAY500MS
  -------         PROC          DELAY10MS
  -------         DO            
  D:0007H         SYMBOL        i
  D:0006H         SYMBOL        j
  -------         ENDDO         
  C:1CADH         LINE#         47
  C:1CADH         LINE#         48
  C:1CADH         LINE#         51
  C:1CAEH         LINE#         52
  C:1CAFH         LINE#         53
  C:1CB1H         LINE#         54
  C:1CB3H         LINE#         56
  C:1CB3H         LINE#         57
  C:1CB5H         LINE#         58
  C:1CB7H         LINE#         59
  -------         ENDPROC       DELAY10MS
  -------         PROC          _DELAY_US
  D:0006H         SYMBOL        z
  -------         DO            
  D:0006H         SYMBOL        x
  D:0004H         SYMBOL        y
  -------         ENDDO         
  C:1A41H         LINE#         61
  C:1A41H         LINE#         62
  C:1A41H         LINE#         64
  C:1A4AH         LINE#         65
  C:1A5EH         LINE#         66
  -------         ENDPROC       _DELAY_US
  -------         PROC          _DELAY
  D:0006H         SYMBOL        z
  -------         DO            
  D:0006H         SYMBOL        x
  D:0004H         SYMBOL        y
  -------         ENDDO         
  C:1A5FH         LINE#         69
  C:1A5FH         LINE#         70
  C:1A5FH         LINE#         72
  C:1A68H         LINE#         73
  C:1A7CH         LINE#         74
  -------         ENDPROC       _DELAY
  -------         ENDMOD        DELAY

  -------         MODULE        PWM_PCA
  C:0000H         SYMBOL        _ICE_DUMMY_
  D:0080H         PUBLIC        P0
  D:0090H         PUBLIC        P1
  D:00A0H         PUBLIC        P2
  C:1CCCH         PUBLIC        _PWM_Set
  D:00B0H         PUBLIC        P3
BL51 BANKED LINKER/LOCATER V6.22                                                      11/21/2016  21:46:11  PAGE 13


  D:00C0H         PUBLIC        P4
  D:00C8H         PUBLIC        P5
  D:00F9H         PUBLIC        CH
  D:00A8H         PUBLIC        IE
  D:00E9H         PUBLIC        CL
  D:00FAH         PUBLIC        CCAP0H
  D:00FBH         PUBLIC        CCAP1H
  D:00EAH         PUBLIC        CCAP0L
  B:00D8H.6       PUBLIC        CR
  D:00EBH         PUBLIC        CCAP1L
  D:00DAH         PUBLIC        CCAPM0
  D:00DBH         PUBLIC        CCAPM1
  D:00B8H         PUBLIC        IP
  D:00D9H         PUBLIC        CMOD
  D:00D8H         PUBLIC        CCON
  D:0098H         PUBLIC        SCON
  D:0088H         PUBLIC        TCON
  C:1AF8H         PUBLIC        PWM_PCA_init
  D:00F2H         PUBLIC        PCA_PWM0
  D:00F3H         PUBLIC        PCA_PWM1
  D:00D0H         PUBLIC        PSW
  -------         PROC          PWM_PCA_INIT
  C:1AF8H         LINE#         4
  C:1AF8H         LINE#         5
  C:1AF8H         LINE#         7
  C:1AFBH         LINE#         25
  C:1AFEH         LINE#         26
  C:1B00H         LINE#         29
  C:1B02H         LINE#         33
  C:1B05H         LINE#         47
  C:1B07H         LINE#         51
  C:1B0AH         LINE#         66
  C:1B0CH         LINE#         72
  -------         ENDPROC       PWM_PCA_INIT
  -------         PROC          _PWM_SET
  D:0007H         SYMBOL        PWM0_DATA
  D:0005H         SYMBOL        PWM1_DATA
  C:1CCCH         LINE#         74
  C:1CCCH         LINE#         75
  C:1CCCH         LINE#         76
  C:1CCEH         LINE#         77
  C:1CD0H         LINE#         78
  C:1CD2H         LINE#         79
  C:1CD4H         LINE#         80
  -------         ENDPROC       _PWM_SET
  -------         ENDMOD        PWM_PCA

  -------         MODULE        TIMER
  C:0000H         SYMBOL        _ICE_DUMMY_
  D:0080H         PUBLIC        P0
  D:0090H         PUBLIC        P1
  D:00A0H         PUBLIC        P2
  D:00B0H         PUBLIC        P3
  D:00C0H         PUBLIC        P4
  C:19A0H         PUBLIC        timer0_isr
  D:00C8H         PUBLIC        P5
  C:1CB8H         PUBLIC        timer1_isr
BL51 BANKED LINKER/LOCATER V6.22                                                      11/21/2016  21:46:11  PAGE 14


  D:00A8H         PUBLIC        IE
  D:00B8H         PUBLIC        IP
  D:00D8H         PUBLIC        CCON
  D:0098H         PUBLIC        SCON
  D:0089H         PUBLIC        TMOD
  D:0088H         PUBLIC        TCON
  D:008EH         PUBLIC        AUXR
  B:0088H.5       PUBLIC        TF0
  C:1B4CH         PUBLIC        InitTimer0
  B:0088H.7       PUBLIC        TF1
  C:1BCFH         PUBLIC        InitTimer1
  D:008CH         PUBLIC        TH0
  D:008DH         PUBLIC        TH1
  D:008AH         PUBLIC        TL0
  D:008BH         PUBLIC        TL1
  B:0088H.4       PUBLIC        TR0
  D:00D0H         PUBLIC        PSW
  -------         PROC          INITTIMER0
  C:1B4CH         LINE#         5
  C:1B4CH         LINE#         6
  C:1B4CH         LINE#         20
  C:1B4FH         LINE#         22
  C:1B52H         LINE#         23
  C:1B55H         LINE#         25
  C:1B58H         LINE#         26
  C:1B5BH         LINE#         28
  C:1B5DH         LINE#         29
  C:1B5FH         LINE#         46
  -------         ENDPROC       INITTIMER0
  -------         PROC          TIMER0_ISR
  -------         DO            
  D:001EH         SYMBOL        count0
  -------         ENDDO         
  C:19A0H         LINE#         49
  C:19A2H         LINE#         57
  C:19A5H         LINE#         58
  C:19A8H         LINE#         66
  C:19B0H         LINE#         67
  C:19B0H         LINE#         68
  C:19B4H         LINE#         69
  C:19B7H         LINE#         70
  C:19B7H         LINE#         71
  C:19BFH         LINE#         72
  -------         ENDPROC       TIMER0_ISR
  -------         PROC          INITTIMER1
  C:1BCFH         LINE#         76
  C:1BCFH         LINE#         77
  C:1BCFH         LINE#         91
  C:1BD2H         LINE#         93
  C:1BD5H         LINE#         94
  C:1BD8H         LINE#         96
  C:1BDBH         LINE#         97
  C:1BDDH         LINE#         99
  C:1BDFH         LINE#         117
  -------         ENDPROC       INITTIMER1
  -------         PROC          TIMER1_ISR
  C:1CB8H         LINE#         120
BL51 BANKED LINKER/LOCATER V6.22                                                      11/21/2016  21:46:11  PAGE 15


  C:1CB8H         LINE#         125
  C:1CBBH         LINE#         126
  C:1CBEH         LINE#         134
  C:1CC1H         LINE#         135
  -------         ENDPROC       TIMER1_ISR
  -------         ENDMOD        TIMER

  -------         MODULE        UART
  C:0000H         SYMBOL        _ICE_DUMMY_
  D:0080H         PUBLIC        P0
  D:0090H         PUBLIC        P1
  D:00A0H         PUBLIC        P2
  D:00B0H         PUBLIC        P3
  D:00C0H         PUBLIC        P4
  D:00C8H         PUBLIC        P5
  D:00A8H         PUBLIC        IE
  C:19FAH         PUBLIC        _u8_SendData
  D:00B8H         PUBLIC        IP
  B:0098H.1       PUBLIC        TI
  D:00D8H         PUBLIC        CCON
  C:1A9BH         PUBLIC        _PC_printf_uart
  C:1B0DH         PUBLIC        _Uart_u8
  D:0099H         PUBLIC        SBUF
  D:0087H         PUBLIC        PCON
  D:0098H         PUBLIC        SCON
  C:1B22H         PUBLIC        UartInit
  C:1B60H         PUBLIC        InitUart
  D:0088H         PUBLIC        TCON
  D:008EH         PUBLIC        AUXR
  C:18FEH         PUBLIC        _u8Data_uart
  C:1B37H         PUBLIC        _uart_BYTE
  C:0003H         PUBLIC        _uart_senddata
  D:009CH         PUBLIC        BRT
  C:1461H         PUBLIC        _u16Data_uart
  D:00D0H         PUBLIC        PSW
  -------         PROC          INITUART
  C:1B60H         LINE#         6
  C:1B60H         LINE#         7
  C:1B60H         LINE#         16
  C:1B63H         LINE#         23
  C:1B66H         LINE#         25
  C:1B69H         LINE#         26
  C:1B6CH         LINE#         27
  C:1B6FH         LINE#         28
  C:1B72H         LINE#         42
  -------         ENDPROC       INITUART
  C:19EBH         SYMBOL        L?0021
  C:19EDH         SYMBOL        L?0022
  C:19F6H         SYMBOL        L?0023
  -------         PROC          L?0020
  -------         ENDPROC       L?0020
  C:19EBH         SYMBOL        L?0021
  C:19EDH         SYMBOL        L?0022
  C:19F6H         SYMBOL        L?0023
  -------         PROC          _U8_SENDDATA
  D:0007H         SYMBOL        dat
  C:19FAH         LINE#         45
BL51 BANKED LINKER/LOCATER V6.22                                                      11/21/2016  21:46:11  PAGE 16


  C:19FAH         LINE#         46
  C:19FAH         LINE#         47
  C:19FCH         LINE#         48
  C:19FFH         LINE#         49
  C:1A01H         LINE#         50
  -------         ENDPROC       _U8_SENDDATA
  -------         PROC          _U8DATA_UART
  D:0003H         SYMBOL        dat
  C:18FEH         LINE#         52
  C:1900H         LINE#         53
  C:1900H         LINE#         54
  C:1905H         LINE#         55
  C:1916H         LINE#         56
  C:1923H         LINE#         57
  -------         ENDPROC       _U8DATA_UART
  -------         PROC          _U16DATA_UART
  D:0051H         SYMBOL        dat
  C:1461H         LINE#         60
  C:1465H         LINE#         61
  C:1465H         LINE#         62
  C:1487H         LINE#         63
  C:1499H         LINE#         64
  C:14A0H         LINE#         65
  C:14B0H         LINE#         66
  C:14C2H         LINE#         67
  -------         ENDPROC       _U16DATA_UART
  -------         PROC          _PC_PRINTF_UART
  D:0006H         SYMBOL        num
  D:0004H         SYMBOL        dat
  C:1A9BH         LINE#         76
  C:1A9BH         LINE#         77
  C:1A9BH         LINE#         78
  C:1A9DH         LINE#         79
  C:1AAEH         LINE#         80
  C:1AB1H         LINE#         81
  C:1AB3H         LINE#         82
  -------         ENDPROC       _PC_PRINTF_UART
  -------         PROC          _UART_U8
  D:0001H         SYMBOL        p
  D:0005H         SYMBOL        length
  C:1B0DH         LINE#         84
  C:1B0DH         LINE#         85
  C:1B0DH         LINE#         86
  C:1B10H         LINE#         87
  C:1B10H         LINE#         88
  C:1B17H         LINE#         89
  C:1B1EH         LINE#         90
  C:1B1FH         LINE#         91
  C:1B21H         LINE#         92
  -------         ENDPROC       _UART_U8
  -------         PROC          UARTINIT
  C:1B22H         LINE#         98
  C:1B22H         LINE#         99
  C:1B22H         LINE#         100
  C:1B25H         LINE#         101
  C:1B28H         LINE#         102
  C:1B2BH         LINE#         103
BL51 BANKED LINKER/LOCATER V6.22                                                      11/21/2016  21:46:11  PAGE 17


  C:1B2EH         LINE#         104
  C:1B31H         LINE#         105
  C:1B34H         LINE#         106
  C:1B36H         LINE#         107
  -------         ENDPROC       UARTINIT
  -------         PROC          _UART_SENDDATA
  D:0007H         SYMBOL        ch
  C:0003H         LINE#         110
  C:0003H         LINE#         111
  C:0003H         LINE#         113
  C:0005H         LINE#         114
  C:0008H         LINE#         115
  C:000AH         LINE#         116
  -------         ENDPROC       _UART_SENDDATA
  -------         PROC          _UART_BYTE
  D:0001H         SYMBOL        p
  D:0005H         SYMBOL        length
  C:1B37H         LINE#         118
  C:1B37H         LINE#         119
  C:1B37H         LINE#         120
  C:1B3AH         LINE#         121
  C:1B3AH         LINE#         122
  C:1B41H         LINE#         123
  C:1B48H         LINE#         124
  C:1B49H         LINE#         125
  C:1B4BH         LINE#         126
  -------         ENDPROC       _UART_BYTE
  -------         ENDMOD        UART

  -------         MODULE        NRF24L01
  C:0000H         SYMBOL        _ICE_DUMMY_
  D:0080H         PUBLIC        P0
  D:0090H         PUBLIC        P1
  D:00A0H         PUBLIC        P2
  D:00B0H         PUBLIC        P3
  C:1732H         PUBLIC        _NRF24L01_RxPacket
  D:00C0H         PUBLIC        P4
  D:00C8H         PUBLIC        P5
  C:176DH         PUBLIC        _NRF24L01_TxPacket
  B:00A0H.0       PUBLIC        CE
  D:00A8H         PUBLIC        IE
  C:1CE4H         PUBLIC        init_NRF24L01
  C:163FH         PUBLIC        RX_ADDRESS
  C:1621H         PUBLIC        TX_ADDRESS
  D:00B8H         PUBLIC        IP
  D:00D8H         PUBLIC        CCON
  D:0098H         PUBLIC        SCON
  D:0088H         PUBLIC        TCON
  B:00A0H.3       PUBLIC        MOSI
  B:00A0H.2       PUBLIC        MISO
  C:1527H         PUBLIC        NRF24L01_Check
  C:1C71H         PUBLIC        SetRX_Mode
  C:1667H         SYMBOL        _?ix1000
  C:166CH         PUBLIC        _SPI_Read_Buf
  C:1BABH         PUBLIC        _SPI_Read
  C:14DAH         PUBLIC        _SPI_Write_Buf
  C:165DH         PUBLIC        Channel_fre
BL51 BANKED LINKER/LOCATER V6.22                                                      11/21/2016  21:46:11  PAGE 18


  B:00A0H.1       PUBLIC        SCK
  B:00C0H.4       PUBLIC        CSN
  B:00B0H.2       PUBLIC        IRQ
  C:1849H         PUBLIC        _NRF24L01_RX_Mode
  C:15D6H         PUBLIC        _NRF24L01_TX_Mode
  C:1A09H         PUBLIC        _SPI_RW_Reg
  C:18A6H         PUBLIC        _SPI_RW
  D:00D0H         PUBLIC        PSW
  -------         PROC          INIT_NRF24L01
  C:1CE4H         LINE#         28
  C:1CE4H         LINE#         29
  C:1CE4H         LINE#         30
  C:1CE6H         LINE#         31
  C:1CE8H         LINE#         32
  -------         ENDPROC       INIT_NRF24L01
  -------         PROC          _SPI_RW
  D:0007H         SYMBOL        dat
  -------         DO            
  X:0003H         SYMBOL        i
  -------         ENDDO         
  C:18A6H         LINE#         34
  C:18A6H         LINE#         35
  C:18A6H         LINE#         37
  C:18ABH         LINE#         38
  C:18ABH         LINE#         40
  C:18AFH         LINE#         41
  C:18AFH         LINE#         42
  C:18B1H         LINE#         43
  C:18B3H         LINE#         45
  C:18B3H         LINE#         46
  C:18B5H         LINE#         47
  C:18B5H         LINE#         49
  C:18B9H         LINE#         52
  C:18BBH         LINE#         54
  C:18BEH         LINE#         55
  C:18BEH         LINE#         56
  C:18C1H         LINE#         57
  C:18C3H         LINE#         59
  C:18C3H         LINE#         60
  C:18C6H         LINE#         61
  C:18C6H         LINE#         62
  C:18C8H         LINE#         63
  C:18D2H         LINE#         65
  C:18D2H         LINE#         66
  -------         ENDPROC       _SPI_RW
  -------         PROC          _SPI_READ
  D:0007H         SYMBOL        reg
  -------         DO            
  X:0001H         SYMBOL        reg_val
  -------         ENDDO         
  C:1BABH         LINE#         78
  C:1BABH         LINE#         79
  C:1BABH         LINE#         82
  C:1BADH         LINE#         84
  C:1BB0H         LINE#         85
  C:1BBAH         LINE#         86
  C:1BBCH         LINE#         88
BL51 BANKED LINKER/LOCATER V6.22                                                      11/21/2016  21:46:11  PAGE 19


  C:1BBCH         LINE#         89
  -------         ENDPROC       _SPI_READ
  -------         PROC          L?0039
  -------         ENDPROC       L?0039
  -------         PROC          _SPI_RW_REG
  D:0007H         SYMBOL        reg
  D:0006H         SYMBOL        value
  -------         DO            
  X:0001H         SYMBOL        status
  -------         ENDDO         
  C:1A09H         LINE#         94
  C:1A0BH         LINE#         95
  C:1A0BH         LINE#         97
  C:1A0DH         LINE#         98
  C:1A15H         LINE#         99
  C:1A1AH         LINE#         100
  C:1A1CH         LINE#         101
  C:1A21H         LINE#         102
  -------         ENDPROC       _SPI_RW_REG
  -------         PROC          _SPI_READ_BUF
  D:0007H         SYMBOL        reg
  D:0028H         SYMBOL        pBuf
  D:002BH         SYMBOL        uchars
  -------         DO            
  X:0001H         SYMBOL        status
  X:0002H         SYMBOL        uchar_ctr
  -------         ENDDO         
  C:166CH         LINE#         107
  C:1672H         LINE#         108
  C:1672H         LINE#         111
  C:1674H         LINE#         112
  C:167CH         LINE#         114
  C:1688H         LINE#         115
  C:16A8H         LINE#         117
  C:16AAH         LINE#         119
  C:16AFH         LINE#         120
  -------         ENDPROC       _SPI_READ_BUF
  -------         PROC          L?0038
  -------         ENDPROC       L?0038
  -------         PROC          _SPI_WRITE_BUF
  D:0007H         SYMBOL        reg
  D:0029H         SYMBOL        pBuf
  D:002CH         SYMBOL        uchars
  -------         DO            
  X:0001H         SYMBOL        status
  X:0002H         SYMBOL        uchar_ctr
  -------         ENDDO         
  C:14DAH         LINE#         126
  C:14E0H         LINE#         127
  C:14E0H         LINE#         130
  C:14E2H         LINE#         131
  C:14EAH         LINE#         133
  C:14F1H         LINE#         134
  C:14F4H         LINE#         136
  C:1502H         LINE#         137
  C:151FH         LINE#         138
  C:1521H         LINE#         139
BL51 BANKED LINKER/LOCATER V6.22                                                      11/21/2016  21:46:11  PAGE 20


  C:1526H         LINE#         140
  -------         ENDPROC       _SPI_WRITE_BUF
  -------         PROC          SETRX_MODE
  C:1C71H         LINE#         146
  C:1C71H         LINE#         147
  C:1C71H         LINE#         148
  C:1C73H         LINE#         149
  C:1C7AH         LINE#         150
  C:1C7CH         LINE#         151
  -------         ENDPROC       SETRX_MODE
  -------         PROC          _NRF24L01_RX_MODE
  D:0054H         SYMBOL        chn
  D:0005H         SYMBOL        num
  C:1849H         LINE#         157
  C:184BH         LINE#         158
  C:184BH         LINE#         159
  C:184DH         LINE#         160
  C:1851H         LINE#         161
  C:1858H         LINE#         162
  C:185DH         LINE#         163
  C:1862H         LINE#         164
  C:1869H         LINE#         165
  C:1870H         LINE#         166
  C:1875H         LINE#         167
  C:1877H         LINE#         169
  -------         ENDPROC       _NRF24L01_RX_MODE
  -------         PROC          _NRF24L01_TX_MODE
  D:0022H         SYMBOL        chn
  D:0023H         SYMBOL        num
  C:15D6H         LINE#         177
  C:15DAH         LINE#         178
  C:15DAH         LINE#         179
  C:15DCH         LINE#         180
  C:15F4H         LINE#         181
  C:15F9H         LINE#         182
  C:1600H         LINE#         183
  C:1605H         LINE#         184
  C:160CH         LINE#         185
  C:1611H         LINE#         186
  C:1618H         LINE#         187
  C:161EH         LINE#         188
  C:1620H         LINE#         189
  -------         ENDPROC       _NRF24L01_TX_MODE
  -------         PROC          _NRF24L01_RXPACKET
  D:0001H         SYMBOL        rx_buf
  -------         DO            
  X:0004H         SYMBOL        revale
  X:0005H         SYMBOL        sta
  -------         ENDDO         
  C:1732H         LINE#         196
  C:1732H         LINE#         197
  C:1732H         LINE#         198
  C:1737H         LINE#         199
  C:1742H         LINE#         201
  C:1744H         LINE#         202
  C:1749H         LINE#         203
  C:1750H         LINE#         204
BL51 BANKED LINKER/LOCATER V6.22                                                      11/21/2016  21:46:11  PAGE 21


  C:1750H         LINE#         205
  C:1758H         LINE#         206
  C:175EH         LINE#         207
  C:175EH         LINE#         208
  C:1765H         LINE#         209
  C:1767H         LINE#         210
  C:176CH         LINE#         211
  -------         ENDPROC       _NRF24L01_RXPACKET
  -------         PROC          _NRF24L01_TXPACKET
  D:0001H         SYMBOL        txbuf
  -------         DO            
  X:0000H         SYMBOL        sta
  -------         ENDDO         
  C:176DH         LINE#         214
  C:176DH         LINE#         215
  C:176DH         LINE#         217
  C:176FH         LINE#         218
  C:1777H         LINE#         219
  C:1779H         LINE#         220
  C:177CH         LINE#         221
  C:1787H         LINE#         222
  C:178CH         LINE#         223
  C:1794H         LINE#         224
  C:1794H         LINE#         225
  C:179BH         LINE#         226
  C:179EH         LINE#         227
  C:179EH         LINE#         228
  C:17A2H         LINE#         229
  C:17A2H         LINE#         230
  C:17A5H         LINE#         231
  C:17A5H         LINE#         232
  C:17A7H         LINE#         233
  -------         ENDPROC       _NRF24L01_TXPACKET
  -------         PROC          NRF24L01_CHECK
  -------         DO            
  D:0022H         SYMBOL        buf
  X:0000H         SYMBOL        i
  -------         ENDDO         
  C:1527H         LINE#         237
  C:1527H         LINE#         238
  C:1527H         LINE#         239
  C:153AH         LINE#         241
  C:1548H         LINE#         242
  C:1556H         LINE#         243
  C:1575H         LINE#         244
  C:1580H         LINE#         245
  C:1582H         LINE#         246
  -------         ENDPROC       NRF24L01_CHECK
  -------         ENDMOD        NRF24L01

  -------         MODULE        RC
  C:0000H         SYMBOL        _ICE_DUMMY_
  D:0080H         PUBLIC        P0
  D:0090H         PUBLIC        P1
  D:00A0H         PUBLIC        P2
  D:00B0H         PUBLIC        P3
  D:00C0H         PUBLIC        P4
BL51 BANKED LINKER/LOCATER V6.22                                                      11/21/2016  21:46:11  PAGE 22


  D:00C8H         PUBLIC        P5
  D:00A8H         PUBLIC        IE
  C:1951H         PUBLIC        _CheckSum
  D:00B8H         PUBLIC        IP
  B:0090H.7       PUBLIC        BEEP
  D:00D8H         PUBLIC        CCON
  D:0098H         PUBLIC        SCON
  D:0088H         PUBLIC        TCON
  C:1CE9H         SYMBOL        _?ix1000
  C:112EH         PUBLIC        _NRF24L01_transmit
  C:1BF1H         PUBLIC        NRF24L01_FindMyself
  D:00D0H         PUBLIC        PSW
  -------         PROC          _NRF24L01_TRANSMIT
  D:0022H         SYMBOL        cmd
  -------         DO            
  D:0023H         SYMBOL        tmp_buf
  -------         ENDDO         
  C:112EH         LINE#         8
  C:1130H         LINE#         9
  C:1130H         LINE#         10
  C:1143H         LINE#         11
  C:1146H         LINE#         12
  C:1149H         LINE#         13
  C:1177H         LINE#         14
  C:1177H         LINE#         15
  C:117AH         LINE#         16
  C:117AH         LINE#         17
  C:117CH         LINE#         18
  C:117FH         LINE#         19
  C:117FH         LINE#         20
  C:1181H         LINE#         21
  C:1184H         LINE#         22
  C:1184H         LINE#         23
  C:1186H         LINE#         24
  C:1189H         LINE#         25
  C:1189H         LINE#         26
  C:118BH         LINE#         27
  C:118EH         LINE#         28
  C:118EH         LINE#         29
  C:1190H         LINE#         30
  C:1193H         LINE#         31
  C:1196H         LINE#         32
  C:1198H         LINE#         33
  C:119BH         LINE#         34
  C:119EH         LINE#         35
  C:11A0H         LINE#         36
  C:11A3H         LINE#         37
  C:11A5H         LINE#         38
  C:11A5H         LINE#         39
  C:11A5H         LINE#         40
  C:11B2H         LINE#         41
  C:11BEH         LINE#         42
  C:11BEH         LINE#         43
  C:11C3H         LINE#         44
  C:11C3H         LINE#         45
  -------         ENDPROC       _NRF24L01_TRANSMIT
  -------         PROC          _CHECKSUM
BL51 BANKED LINKER/LOCATER V6.22                                                      11/21/2016  21:46:11  PAGE 23


  D:0028H         SYMBOL        pbuf
  D:0005H         SYMBOL        num
  -------         DO            
  D:0007H         SYMBOL        temp
  -------         ENDDO         
  C:1951H         LINE#         51
  C:1957H         LINE#         52
  C:1957H         LINE#         53
  C:1959H         LINE#         54
  C:195FH         LINE#         55
  C:195FH         LINE#         56
  C:1972H         LINE#         57
  C:1975H         LINE#         58
  C:1978H         LINE#         59
  C:1978H         LINE#         60
  -------         ENDPROC       _CHECKSUM
  -------         PROC          NRF24L01_FINDMYSELF
  C:1BF1H         LINE#         67
  C:1BF1H         LINE#         68
  C:1BF1H         LINE#         69
  C:1BF7H         LINE#         70
  C:1BF7H         LINE#         71
  C:1BF9H         LINE#         72
  C:1BFCH         LINE#         73
  C:1BFEH         LINE#         74
  C:1C00H         LINE#         75
  -------         ENDPROC       NRF24L01_FINDMYSELF
  -------         ENDMOD        RC

  -------         MODULE        COLOR_SENSOR
  C:0000H         SYMBOL        _ICE_DUMMY_
  D:0080H         PUBLIC        P0
  D:0090H         PUBLIC        P1
  D:00A0H         PUBLIC        P2
  C:12DFH         PUBLIC        Yanse
  D:00B0H         PUBLIC        P3
  D:00C0H         PUBLIC        P4
  D:00C8H         PUBLIC        P5
  B:00A8H.7       PUBLIC        EA
  D:00A8H         PUBLIC        IE
  D:00B8H         PUBLIC        IP
  D:00D8H         PUBLIC        CCON
  B:00A0H.4       PUBLIC        s2
  B:00A0H.5       PUBLIC        s3
  B:0090H.0       PUBLIC        MOTOR_A_CON1
  B:0090H.2       PUBLIC        MOTOR_B_CON1
  B:0090H.1       PUBLIC        MOTOR_A_CON2
  B:0090H.5       PUBLIC        MOTOR_B_CON2
  D:0008H         PUBLIC        count
  D:0009H         PUBLIC        bai
  D:000AH         PUBLIC        green_dat
  D:0098H         PUBLIC        SCON
  D:0089H         PUBLIC        TMOD
  D:0088H         PUBLIC        TCON
  B:0090H.7       PUBLIC        P17
  C:1B73H         PUBLIC        t0_init
  D:008EH         PUBLIC        AUXR
BL51 BANKED LINKER/LOCATER V6.22                                                      11/21/2016  21:46:11  PAGE 24


  D:000CH         PUBLIC        shi
  D:000DH         PUBLIC        blue_dat
  B:00A8H.1       PUBLIC        ET0
  B:0088H.5       PUBLIC        TF0
  D:000FH         PUBLIC        ge
  D:008CH         PUBLIC        TH0
  D:008DH         PUBLIC        TH1
  D:008AH         PUBLIC        TL0
  D:008BH         PUBLIC        TL1
  D:0010H         PUBLIC        bp
  B:0088H.4       PUBLIC        TR0
  D:0014H         PUBLIC        gp
  D:0018H         PUBLIC        red_dat
  B:0088H.6       PUBLIC        TR1
  C:0F9AH         PUBLIC        c10ms_out
  D:001AH         PUBLIC        rp
  D:00D0H         PUBLIC        PSW
  -------         PROC          T0_INIT
  C:1B73H         LINE#         35
  C:1B73H         LINE#         36
  C:1B73H         LINE#         38
  C:1B76H         LINE#         39
  C:1B79H         LINE#         40
  C:1B7CH         LINE#         41
  C:1B7FH         LINE#         42
  C:1B81H         LINE#         43
  C:1B83H         LINE#         44
  C:1B85H         LINE#         45
  -------         ENDPROC       T0_INIT
  -------         PROC          C10MS_OUT
  -------         DO            
  D:0040H         SYMBOL        temp
  -------         ENDDO         
  C:0F9AH         LINE#         56
  C:0FBEH         LINE#         59
  C:0FC0H         LINE#         60
  C:0FC2H         LINE#         62
  C:0FC6H         LINE#         63
  C:0FC6H         LINE#         64
  C:0FC8H         LINE#         65
  C:0FCCH         LINE#         66
  C:0FF0H         LINE#         67
  C:0FF6H         LINE#         68
  C:0FF8H         LINE#         70
  C:0FFEH         LINE#         71
  C:0FFEH         LINE#         72
  C:1000H         LINE#         73
  C:1004H         LINE#         75
  C:1028H         LINE#         76
  C:102EH         LINE#         77
  C:1030H         LINE#         79
  C:1036H         LINE#         80
  C:1036H         LINE#         81
  C:1038H         LINE#         82
  C:103CH         LINE#         83
  C:1060H         LINE#         84
  C:1066H         LINE#         85
BL51 BANKED LINKER/LOCATER V6.22                                                      11/21/2016  21:46:11  PAGE 25


  C:1066H         LINE#         86
  C:1069H         LINE#         87
  C:106CH         LINE#         88
  C:106EH         LINE#         89
  C:1070H         LINE#         90
  -------         ENDPROC       C10MS_OUT
  -------         PROC          YANSE
  -------         DO            
  D:0022H         SYMBOL        a
  -------         ENDDO         
  C:12DFH         LINE#         92
  C:12DFH         LINE#         93
  C:12DFH         LINE#         94
  C:12E4H         LINE#         95
  C:12EAH         LINE#         96
  C:12ECH         LINE#         97
  C:12EEH         LINE#         98
  C:12F1H         LINE#         99
  C:12F4H         LINE#         100
  C:12F6H         LINE#         101
  C:12F8H         LINE#         102
  C:12FAH         LINE#         103
  C:12FCH         LINE#         104
  C:1309H         LINE#         105
  C:1309H         LINE#         106
  C:1324H         LINE#         107
  C:132BH         LINE#         108
  C:1336H         LINE#         109
  C:1336H         LINE#         110
  C:1338H         LINE#         111
  C:133FH         LINE#         112
  C:1341H         LINE#         113
  C:1348H         LINE#         114
  C:1350H         LINE#         115
  C:1352H         LINE#         116
  C:1352H         LINE#         117
  C:135AH         LINE#         118
  C:1362H         LINE#         119
  C:1362H         LINE#         120
  C:1364H         LINE#         121
  -------         ENDPROC       YANSE
  -------         ENDMOD        COLOR_SENSOR

  -------         MODULE        DHT11
  C:0000H         SYMBOL        _ICE_DUMMY_
  D:0080H         PUBLIC        P0
  D:0090H         PUBLIC        P1
  D:00A0H         PUBLIC        P2
  D:00B0H         PUBLIC        P3
  D:00C0H         PUBLIC        P4
  D:00C8H         PUBLIC        P5
  D:00A8H         PUBLIC        IE
  D:00B8H         PUBLIC        IP
  C:1C34H         PUBLIC        Delay_10us
  B:0090H.6       PUBLIC        DHT11_OUT
  D:00D8H         PUBLIC        CCON
  D:0055H         PUBLIC        U8FLAG
BL51 BANKED LINKER/LOCATER V6.22                                                      11/21/2016  21:46:11  PAGE 26


  D:0098H         PUBLIC        SCON
  D:0088H         PUBLIC        TCON
  C:1C01H         PUBLIC        Delay18ms
  C:1CDEH         SYMBOL        _?ix1000
  C:1365H         PUBLIC        DHT11
  C:17A8H         PUBLIC        COM
  D:00D0H         PUBLIC        PSW
  -------         PROC          DELAY18MS
  -------         DO            
  D:0007H         SYMBOL        i
  D:0006H         SYMBOL        j
  D:0005H         SYMBOL        k
  -------         ENDDO         
  C:1C01H         LINE#         30
  C:1C01H         LINE#         31
  C:1C01H         LINE#         34
  C:1C02H         LINE#         35
  C:1C03H         LINE#         36
  C:1C05H         LINE#         37
  C:1C07H         LINE#         38
  C:1C09H         LINE#         40
  C:1C09H         LINE#         42
  C:1C09H         LINE#         43
  C:1C0BH         LINE#         44
  C:1C0DH         LINE#         45
  C:1C0FH         LINE#         46
  -------         ENDPROC       DELAY18MS
  -------         PROC          L?0033
  -------         ENDPROC       L?0033
  -------         PROC          DELAY_10US
  -------         DO            
  D:0007H         SYMBOL        i
  -------         ENDDO         
  C:1C34H         LINE#         64
  C:1C34H         LINE#         65
  C:1C34H         LINE#         68
  C:1C35H         LINE#         69
  C:1C36H         LINE#         70
  C:1C37H         LINE#         71
  C:1C39H         LINE#         72
  C:1C3BH         LINE#         73
  -------         ENDPROC       DELAY_10US
  -------         PROC          COM
  -------         DO            
  D:0004H         SYMBOL        i
  D:0005H         SYMBOL        U8temp
  D:0006H         SYMBOL        U8comdata
  -------         ENDDO         
  C:17A8H         LINE#         80
  C:17A8H         LINE#         81
  C:17A8H         LINE#         84
  C:17AAH         LINE#         85
  C:17AAH         LINE#         87
  C:17ADH         LINE#         88
  C:17B7H         LINE#         89
  C:17B7H         LINE#         90
  C:17B7H         LINE#         91
BL51 BANKED LINKER/LOCATER V6.22                                                      11/21/2016  21:46:11  PAGE 27


  C:17BAH         LINE#         92
  C:17BCH         LINE#         93
  C:17C0H         LINE#         94
  C:17C3H         LINE#         95
  C:17CDH         LINE#         96
  C:17D3H         LINE#         97
  C:17D7H         LINE#         98
  C:17DAH         LINE#         99
  C:17DEH         LINE#         100
  C:17E0H         LINE#         101
  -------         ENDPROC       COM
  -------         PROC          DHT11
  -------         DO            
  D:0027H         SYMBOL        str
  D:0002H         SYMBOL        U8T_data_H_temp
  D:0001H         SYMBOL        U8T_data_L_temp
  D:0003H         SYMBOL        U8RH_data_H_temp
  D:002DH         SYMBOL        U8RH_data_L_temp
  D:0007H         SYMBOL        U8checkdata_temp
  D:0006H         SYMBOL        U8temp1
  D:0006H         SYMBOL        value_DHT11
  -------         ENDDO         
  C:1365H         LINE#         110
  C:1365H         LINE#         111
  C:1365H         LINE#         112
  C:1378H         LINE#         119
  C:137AH         LINE#         120
  C:137DH         LINE#         121
  C:137FH         LINE#         123
  C:137FH         LINE#         124
  C:137FH         LINE#         125
  C:1382H         LINE#         126
  C:1385H         LINE#         127
  C:1387H         LINE#         129
  C:138AH         LINE#         130
  C:138AH         LINE#         131
  C:138DH         LINE#         133
  C:1397H         LINE#         134
  C:139AH         LINE#         136
  C:13A4H         LINE#         138
  C:13A9H         LINE#         139
  C:13AEH         LINE#         140
  C:13B3H         LINE#         141
  C:13B8H         LINE#         143
  C:13BBH         LINE#         144
  C:13BDH         LINE#         146
  C:13C2H         LINE#         147
  C:13C5H         LINE#         148
  C:13C5H         LINE#         149
  C:13C7H         LINE#         150
  C:13CAH         LINE#         151
  C:13CCH         LINE#         152
  C:13CEH         LINE#         153
  C:13D0H         LINE#         154
  C:13DEH         LINE#         155
  C:13DFH         LINE#         156
  C:13DFH         LINE#         158
BL51 BANKED LINKER/LOCATER V6.22                                                      11/21/2016  21:46:11  PAGE 28


  C:13DFH         LINE#         159
  C:13E2H         LINE#         161
  -------         ENDPROC       DHT11
  -------         ENDMOD        DHT11

  -------         MODULE        INFRARED_EMISSION
  C:0000H         SYMBOL        _ICE_DUMMY_
  D:0080H         PUBLIC        P0
  D:0090H         PUBLIC        P1
  D:00A0H         PUBLIC        P2
  D:00B0H         PUBLIC        P3
  D:00C0H         PUBLIC        P4
  D:00C8H         PUBLIC        P5
  D:00A8H         PUBLIC        IE
  B:00B0H.7       PUBLIC        control_send
  C:1A22H         PUBLIC        _Multiple_sendIRdata
  D:00B8H         PUBLIC        IP
  D:00D8H         PUBLIC        CCON
  D:0098H         PUBLIC        SCON
  D:0088H         PUBLIC        TCON
  C:1878H         PUBLIC        _SendIRdata
  C:18D3H         PUBLIC        _SendIRdata_BYTE
  D:00D0H         PUBLIC        PSW
  -------         PROC          _SENDIRDATA_BYTE
  D:002DH         SYMBOL        irdata
  -------         DO            
  D:002EH         SYMBOL        i
  -------         ENDDO         
  C:18D3H         LINE#         5
  C:18D5H         LINE#         6
  C:18D5H         LINE#         8
  C:18D8H         LINE#         9
  C:18D8H         LINE#         10
  C:18DAH         LINE#         11
  C:18DDH         LINE#         13
  C:18E2H         LINE#         14
  C:18E4H         LINE#         15
  C:18E9H         LINE#         16
  C:18EBH         LINE#         17
  C:18EEH         LINE#         18
  C:18F4H         LINE#         19
  C:18FDH         LINE#         20
  -------         ENDPROC       _SENDIRDATA_BYTE
  -------         PROC          _SENDIRDATA
  D:002BH         SYMBOL        g_iraddr1
  D:002CH         SYMBOL        p_irdata
  C:1878H         LINE#         26
  C:187CH         LINE#         27
  C:187CH         LINE#         29
  C:187EH         LINE#         30
  C:1881H         LINE#         32
  C:1883H         LINE#         33
  C:1886H         LINE#         38
  C:188BH         LINE#         39
  C:1892H         LINE#         41
  C:1897H         LINE#         43
  C:189EH         LINE#         45
BL51 BANKED LINKER/LOCATER V6.22                                                      11/21/2016  21:46:11  PAGE 29


  C:18A0H         LINE#         46
  C:18A3H         LINE#         47
  C:18A5H         LINE#         48
  -------         ENDPROC       _SENDIRDATA
  -------         PROC          _MULTIPLE_SENDIRDATA
  D:0027H         SYMBOL        count
  D:0028H         SYMBOL        ir_adress
  D:0029H         SYMBOL        dat
  -------         DO            
  D:002AH         SYMBOL        i
  -------         ENDDO         
  C:1A22H         LINE#         54
  C:1A28H         LINE#         55
  C:1A28H         LINE#         57
  C:1A32H         LINE#         58
  C:1A32H         LINE#         59
  C:1A39H         LINE#         60
  C:1A3CH         LINE#         61
  C:1A40H         LINE#         62
  -------         ENDPROC       _MULTIPLE_SENDIRDATA
  -------         ENDMOD        INFRARED_EMISSION

  -------         MODULE        IR_CONTROL
  C:0000H         SYMBOL        _ICE_DUMMY_
  D:0080H         PUBLIC        P0
  D:0090H         PUBLIC        P1
  D:00A0H         PUBLIC        P2
  D:00B0H         PUBLIC        P3
  D:00C0H         PUBLIC        P4
  D:00C8H         PUBLIC        P5
  C:1583H         PUBLIC        IR_DH
  D:00A8H         PUBLIC        IE
  D:00B8H         PUBLIC        IP
  D:00D8H         PUBLIC        CCON
  D:0098H         PUBLIC        SCON
  D:0088H         PUBLIC        TCON
  D:00D0H         PUBLIC        PSW
  -------         PROC          IR_DH
  -------         DO            
  D:0022H         SYMBOL        t
  D:0023H         SYMBOL        temp
  D:0025H         SYMBOL        k
  D:0026H         SYMBOL        i
  -------         ENDDO         
  C:1583H         LINE#         11
  C:1583H         LINE#         12
  C:1583H         LINE#         13
  C:1586H         LINE#         15
  C:158AH         LINE#         16
  C:1592H         LINE#         17
  C:1599H         LINE#         18
  C:15A2H         LINE#         19
  C:15A9H         LINE#         20
  C:15A9H         LINE#         21
  C:15B0H         LINE#         22
  C:15B0H         LINE#         23
  C:15B3H         LINE#         24
BL51 BANKED LINKER/LOCATER V6.22                                                      11/21/2016  21:46:11  PAGE 30


  C:15BAH         LINE#         25
  C:15BDH         LINE#         26
  C:15C4H         LINE#         27
  C:15C6H         LINE#         29
  C:15C8H         LINE#         30
  C:15D1H         LINE#         32
  C:15D3H         LINE#         33
  C:15D5H         LINE#         35
  -------         ENDPROC       IR_DH
  -------         ENDMOD        IR_CONTROL

  -------         MODULE        IR_DELAY
  C:0000H         SYMBOL        _ICE_DUMMY_
  D:0080H         PUBLIC        P0
  D:0090H         PUBLIC        P1
  D:00A0H         PUBLIC        P2
  D:00B0H         PUBLIC        P3
  D:00C0H         PUBLIC        P4
  D:00C8H         PUBLIC        P5
  C:1C89H         PUBLIC        Delay9ms
  D:00A8H         PUBLIC        IE
  D:00B8H         PUBLIC        IP
  D:00D8H         PUBLIC        CCON
  C:1CD5H         PUBLIC        Delay4500us
  C:1CC2H         PUBLIC        Delay1693us
  D:0098H         PUBLIC        SCON
  D:0088H         PUBLIC        TCON
  C:1C7DH         PUBLIC        Delay560us
  D:00D0H         PUBLIC        PSW
  -------         PROC          DELAY560US
  -------         DO            
  D:0007H         SYMBOL        i
  D:0006H         SYMBOL        j
  -------         ENDDO         
  C:1C7DH         LINE#         4
  C:1C7DH         LINE#         5
  C:1C7DH         LINE#         8
  C:1C7EH         LINE#         9
  C:1C7FH         LINE#         10
  C:1C80H         LINE#         11
  C:1C82H         LINE#         12
  C:1C84H         LINE#         14
  C:1C84H         LINE#         15
  C:1C86H         LINE#         16
  C:1C88H         LINE#         17
  -------         ENDPROC       DELAY560US
  -------         PROC          DELAY1693US
  -------         DO            
  D:0007H         SYMBOL        i
  D:0006H         SYMBOL        j
  -------         ENDDO         
  C:1CC2H         LINE#         19
  C:1CC2H         LINE#         20
  C:1CC2H         LINE#         23
  C:1CC3H         LINE#         24
  C:1CC5H         LINE#         25
  C:1CC7H         LINE#         27
BL51 BANKED LINKER/LOCATER V6.22                                                      11/21/2016  21:46:11  PAGE 31


  C:1CC7H         LINE#         28
  C:1CC9H         LINE#         29
  C:1CCBH         LINE#         30
  -------         ENDPROC       DELAY1693US
  -------         PROC          DELAY9MS
  -------         DO            
  D:0007H         SYMBOL        i
  D:0006H         SYMBOL        j
  -------         ENDDO         
  C:1C89H         LINE#         32
  C:1C89H         LINE#         33
  C:1C89H         LINE#         36
  C:1C8AH         LINE#         37
  C:1C8BH         LINE#         38
  C:1C8CH         LINE#         39
  C:1C8EH         LINE#         40
  C:1C90H         LINE#         42
  C:1C90H         LINE#         43
  C:1C92H         LINE#         44
  C:1C94H         LINE#         45
  -------         ENDPROC       DELAY9MS
  -------         PROC          DELAY4500US
  -------         DO            
  D:0007H         SYMBOL        i
  D:0006H         SYMBOL        j
  -------         ENDDO         
  C:1CD5H         LINE#         47
  C:1CD5H         LINE#         48
  C:1CD5H         LINE#         51
  C:1CD7H         LINE#         52
  C:1CD9H         LINE#         54
  C:1CD9H         LINE#         55
  C:1CDBH         LINE#         56
  C:1CDDH         LINE#         57
  -------         ENDPROC       DELAY4500US
  -------         ENDMOD        IR_DELAY

  -------         MODULE        BH1750
  C:0000H         SYMBOL        _ICE_DUMMY_
  D:0080H         PUBLIC        P0
  D:0090H         PUBLIC        P1
  D:00A0H         PUBLIC        P2
  D:00B0H         PUBLIC        P3
  D:00C0H         PUBLIC        P4
  D:00C8H         PUBLIC        P5
  C:1C10H         PUBLIC        Delay5ms
  C:1928H         PUBLIC        Multiple_read_BH1750
  C:1BBDH         PUBLIC        _Single_Write_BH1750
  D:00A8H         PUBLIC        IE
  C:1BE0H         PUBLIC        Delay5us
  C:1C3CH         PUBLIC        BH1750_SendACK
  D:00B8H         PUBLIC        IP
  C:1C64H         PUBLIC        BH1750_RecvACK
  B:00D0H.7       PUBLIC        CY
  B:0090H.7       PUBLIC        BEEP
  D:00D8H         PUBLIC        CCON
  D:0042H         PUBLIC        qian
BL51 BANKED LINKER/LOCATER V6.22                                                      11/21/2016  21:46:11  PAGE 32


  D:0098H         PUBLIC        SCON
  D:0088H         PUBLIC        TCON
  D:0043H         PUBLIC        dis_data
  C:17F5H         PUBLIC        _delay_nms
  D:0045H         PUBLIC        wan
  C:1C1FH         PUBLIC        BH1750_Start
  C:13E3H         PUBLIC        _conversion
  C:1CEEH         PUBLIC        Init_BH1750
  B:00C0H.5       PUBLIC        SDA
  C:1AB4H         PUBLIC        _BH1750_SendByte
  D:0046H         PUBLIC        BUF
  D:004EH         PUBLIC        bai1
  C:1C95H         PUBLIC        BH1750_Stop
  C:1A7DH         PUBLIC        BH1750_RecvByte
  B:00C0H.6       PUBLIC        SCL
  C:0E66H         PUBLIC        BH_Light
  D:004FH         PUBLIC        shi1
  D:00D0H         PUBLIC        PSW
  D:0050H         PUBLIC        ge1
  -------         PROC          _CONVERSION
  D:0002H         SYMBOL        temp_data
  C:13E3H         LINE#         9
  C:13E7H         LINE#         10
  C:13E7H         LINE#         11
  C:13F3H         LINE#         12
  C:1402H         LINE#         13
  C:1412H         LINE#         14
  C:1421H         LINE#         15
  C:1431H         LINE#         16
  C:1440H         LINE#         17
  C:1450H         LINE#         18
  C:145BH         LINE#         19
  C:1460H         LINE#         20
  -------         ENDPROC       _CONVERSION
  C:17EEH         SYMBOL        L?0055
  C:17F1H         SYMBOL        L?0056
  -------         PROC          L?0054
  -------         ENDPROC       L?0054
  C:17EEH         SYMBOL        L?0055
  C:17F1H         SYMBOL        L?0056
  -------         PROC          _DELAY_NMS
  D:0006H         SYMBOL        k
  -------         DO            
  D:0004H         SYMBOL        i
  D:0002H         SYMBOL        j
  -------         ENDDO         
  C:17F5H         LINE#         23
  C:17F5H         LINE#         24
  C:17F5H         LINE#         26
  C:17FFH         LINE#         27
  C:17FFH         LINE#         28
  C:1802H         LINE#         29
  C:180DH         LINE#         30
  C:1814H         LINE#         31
  -------         ENDPROC       _DELAY_NMS
  -------         PROC          DELAY5US
  C:1BE0H         LINE#         38
BL51 BANKED LINKER/LOCATER V6.22                                                      11/21/2016  21:46:11  PAGE 33


  C:1BE0H         LINE#         39
  C:1BE0H         LINE#         40
  C:1BE4H         LINE#         41
  C:1BE8H         LINE#         42
  C:1BECH         LINE#         43
  C:1BF0H         LINE#         44
  -------         ENDPROC       DELAY5US
  -------         PROC          DELAY5MS
  -------         DO            
  D:0006H         SYMBOL        n
  -------         ENDDO         
  C:1C10H         LINE#         51
  C:1C10H         LINE#         52
  C:1C10H         LINE#         53
  C:1C14H         LINE#         55
  C:1C1EH         LINE#         56
  -------         ENDPROC       DELAY5MS
  -------         PROC          BH1750_START
  C:1C1FH         LINE#         61
  C:1C1FH         LINE#         62
  C:1C1FH         LINE#         63
  C:1C21H         LINE#         64
  C:1C23H         LINE#         65
  C:1C26H         LINE#         66
  C:1C28H         LINE#         67
  C:1C2BH         LINE#         68
  C:1C2DH         LINE#         69
  -------         ENDPROC       BH1750_START
  -------         PROC          BH1750_STOP
  C:1C95H         LINE#         74
  C:1C95H         LINE#         75
  C:1C95H         LINE#         76
  C:1C97H         LINE#         77
  C:1C99H         LINE#         78
  C:1C9CH         LINE#         79
  C:1C9EH         LINE#         80
  -------         ENDPROC       BH1750_STOP
  -------         PROC          BH1750_SENDACK
  B:0020H.0       SYMBOL        ack
  C:1C3CH         LINE#         87
  C:1C3CH         LINE#         88
  C:1C3CH         LINE#         89
  C:1C40H         LINE#         90
  C:1C42H         LINE#         91
  C:1C45H         LINE#         92
  C:1C47H         LINE#         93
  -------         ENDPROC       BH1750_SENDACK
  -------         PROC          BH1750_RECVACK
  C:1C64H         LINE#         99
  C:1C64H         LINE#         100
  C:1C64H         LINE#         101
  C:1C66H         LINE#         102
  C:1C69H         LINE#         103
  C:1C6BH         LINE#         104
  C:1C6DH         LINE#         105
  C:1C70H         LINE#         107
  C:1C70H         LINE#         108
BL51 BANKED LINKER/LOCATER V6.22                                                      11/21/2016  21:46:11  PAGE 34


  -------         ENDPROC       BH1750_RECVACK
  -------         PROC          _BH1750_SENDBYTE
  D:0007H         SYMBOL        dat
  -------         DO            
  D:0006H         SYMBOL        i
  -------         ENDDO         
  C:1AB4H         LINE#         113
  C:1AB4H         LINE#         114
  C:1AB4H         LINE#         117
  C:1AB6H         LINE#         118
  C:1AB6H         LINE#         119
  C:1ABAH         LINE#         120
  C:1ABCH         LINE#         121
  C:1ABEH         LINE#         122
  C:1AC1H         LINE#         123
  C:1AC3H         LINE#         124
  C:1AC6H         LINE#         125
  C:1ACAH         LINE#         126
  -------         ENDPROC       _BH1750_SENDBYTE
  -------         PROC          BH1750_RECVBYTE
  -------         DO            
  D:0006H         SYMBOL        i
  D:0007H         SYMBOL        dat
  -------         ENDDO         
  C:1A7DH         LINE#         132
  C:1A7DH         LINE#         133
  C:1A7DH         LINE#         135
  C:1A7FH         LINE#         137
  C:1A81H         LINE#         138
  C:1A82H         LINE#         139
  C:1A82H         LINE#         140
  C:1A86H         LINE#         141
  C:1A88H         LINE#         142
  C:1A8BH         LINE#         143
  C:1A91H         LINE#         144
  C:1A93H         LINE#         145
  C:1A96H         LINE#         146
  C:1A9AH         LINE#         147
  C:1A9AH         LINE#         148
  -------         ENDPROC       BH1750_RECVBYTE
  -------         PROC          _SINGLE_WRITE_BH1750
  D:0005H         SYMBOL        REG_Address
  C:1BBDH         LINE#         152
  C:1BBFH         LINE#         153
  C:1BBFH         LINE#         154
  C:1BC2H         LINE#         155
  C:1BC7H         LINE#         156
  C:1BCCH         LINE#         158
  -------         ENDPROC       _SINGLE_WRITE_BH1750
  -------         PROC          MULTIPLE_READ_BH1750
  -------         DO            
  D:0005H         SYMBOL        i
  -------         ENDDO         
  C:1928H         LINE#         181
  C:1928H         LINE#         182
  C:1928H         LINE#         183
  C:192BH         LINE#         184
BL51 BANKED LINKER/LOCATER V6.22                                                      11/21/2016  21:46:11  PAGE 35


  C:1930H         LINE#         186
  C:1932H         LINE#         187
  C:1932H         LINE#         188
  C:193BH         LINE#         189
  C:193EH         LINE#         190
  C:193EH         LINE#         192
  C:1940H         LINE#         193
  C:1942H         LINE#         195
  C:1942H         LINE#         196
  C:1947H         LINE#         197
  C:1947H         LINE#         198
  C:194BH         LINE#         200
  C:194EH         LINE#         201
  -------         ENDPROC       MULTIPLE_READ_BH1750
  -------         PROC          INIT_BH1750
  C:1CEEH         LINE#         206
  C:1CEEH         LINE#         207
  C:1CEEH         LINE#         208
  -------         ENDPROC       INIT_BH1750
  -------         PROC          BH_LIGHT
  -------         DO            
  D:0022H         SYMBOL        temp
  D:0026H         SYMBOL        t
  -------         ENDDO         
  C:0E66H         LINE#         214
  C:0E66H         LINE#         215
  C:0E66H         LINE#         217
  C:0E6BH         LINE#         218
  C:0E71H         LINE#         219
  C:0E74H         LINE#         220
  C:0E76H         LINE#         221
  C:0E86H         LINE#         222
  C:0E86H         LINE#         223
  C:0E8BH         LINE#         224
  C:0E90H         LINE#         225
  C:0E97H         LINE#         226
  C:0E9AH         LINE#         227
  C:0EA0H         LINE#         228
  C:0EAEH         LINE#         229
  C:0EC7H         LINE#         230
  C:0ECDH         LINE#         237
  C:0EE1H         LINE#         238
  C:0EE1H         LINE#         239
  C:0EECH         LINE#         240
  C:0EF4H         LINE#         241
  C:0EF6H         LINE#         242
  C:0F20H         LINE#         243
  C:0F20H         LINE#         244
  C:0F26H         LINE#         245
  C:0F2BH         LINE#         246
  C:0F33H         LINE#         247
  C:0F36H         LINE#         248
  C:0F60H         LINE#         249
  C:0F60H         LINE#         250
  C:0F60H         LINE#         251
  C:0F60H         LINE#         252
  C:0F65H         LINE#         253
BL51 BANKED LINKER/LOCATER V6.22                                                      11/21/2016  21:46:11  PAGE 36


  C:0F6DH         LINE#         254
  C:0F70H         LINE#         255
  C:0F86H         LINE#         256
  C:0F86H         LINE#         257
  C:0F86H         LINE#         258
  C:0F86H         LINE#         259
  C:0F89H         LINE#         260
  C:0F8EH         LINE#         261
  C:0F96H         LINE#         262
  C:0F99H         LINE#         264
  C:0F99H         LINE#         266
  C:0F99H         LINE#         268
  C:0F99H         LINE#         269
  -------         ENDPROC       BH_LIGHT
  -------         ENDMOD        BH1750

  -------         MODULE        HC_SR04
  C:0000H         SYMBOL        _ICE_DUMMY_
  D:0080H         PUBLIC        P0
  D:0090H         PUBLIC        P1
  D:00A0H         PUBLIC        P2
  D:00B0H         PUBLIC        P3
  D:00C0H         PUBLIC        P4
  D:00C8H         PUBLIC        P5
  B:00A8H.7       PUBLIC        EA
  C:1815H         PUBLIC        Conut
  D:00A8H         PUBLIC        IE
  C:11C4H         PUBLIC        HC_SR
  D:00B8H         PUBLIC        IP
  B:0090H.7       PUBLIC        BEEP
  B:00B0H.3       PUBLIC        echo
  D:00D8H         PUBLIC        CCON
  B:0090H.0       PUBLIC        MOTOR_A_CON1
  B:0090H.2       PUBLIC        MOTOR_B_CON1
  B:0090H.1       PUBLIC        MOTOR_A_CON2
  B:0090H.5       PUBLIC        MOTOR_B_CON2
  D:0098H         PUBLIC        SCON
  D:0088H         PUBLIC        TCON
  B:00B0H.4       PUBLIC        trig
  C:16F4H         PUBLIC        ultrasound_check
  B:00A8H.1       PUBLIC        ET0
  B:00A8H.3       PUBLIC        ET1
  D:008DH         PUBLIC        TH1
  D:008BH         PUBLIC        TL1
  B:0088H.6       PUBLIC        TR1
  C:1CA1H         PUBLIC        Start_hc_sr04
  D:00D0H         PUBLIC        PSW
  -------         PROC          START_HC_SR04
  C:1CA1H         LINE#         7
  C:1CA1H         LINE#         8
  C:1CA1H         LINE#         9
  C:1CA3H         LINE#         10
  C:1CAAH         LINE#         11
  C:1CACH         LINE#         12
  -------         ENDPROC       START_HC_SR04
  -------         PROC          CONUT
  -------         DO            
BL51 BANKED LINKER/LOCATER V6.22                                                      11/21/2016  21:46:11  PAGE 37


  D:0002H         SYMBOL        time
  D:0004H         SYMBOL        S
  -------         ENDDO         
  C:1815H         LINE#         15
  C:1815H         LINE#         16
  C:1815H         LINE#         17
  C:1816H         LINE#         18
  C:1817H         LINE#         19
  C:1823H         LINE#         20
  C:1826H         LINE#         21
  C:1828H         LINE#         22
  C:1848H         LINE#         23
  C:1848H         LINE#         24
  -------         ENDPROC       CONUT
  -------         PROC          ULTRASOUND_CHECK
  -------         DO            
  D:002CH         SYMBOL        f
  -------         ENDDO         
  C:16F4H         LINE#         26
  C:16F4H         LINE#         27
  C:16F4H         LINE#         28
  C:16FDH         LINE#         29
  C:16FFH         LINE#         30
  C:1702H         LINE#         31
  C:1705H         LINE#         32
  C:1707H         LINE#         33
  C:170AH         LINE#         34
  C:170CH         LINE#         36
  C:1711H         LINE#         37
  C:1711H         LINE#         38
  C:171CH         LINE#         39
  C:171EH         LINE#         41
  C:171EH         LINE#         42
  C:1729H         LINE#         43
  C:1729H         LINE#         44
  C:1731H         LINE#         45
  -------         ENDPROC       ULTRASOUND_CHECK
  -------         PROC          HC_SR
  -------         DO            
  D:0022H         SYMBOL        i
  D:0023H         SYMBOL        count_direct
  D:0024H         SYMBOL        count_move
  D:0025H         SYMBOL        temp
  D:0027H         SYMBOL        u8temp
  D:0028H         SYMBOL        distance
  -------         ENDDO         
  C:11C4H         LINE#         47
  C:11C4H         LINE#         48
  C:11C4H         LINE#         49
  C:11C7H         LINE#         50
  C:11C9H         LINE#         51
  C:11CBH         LINE#         52
  C:11CFH         LINE#         53
  C:11D1H         LINE#         54
  C:11DBH         LINE#         56
  C:11DEH         LINE#         57
  C:11E0H         LINE#         58
BL51 BANKED LINKER/LOCATER V6.22                                                      11/21/2016  21:46:11  PAGE 38


  C:11E2H         LINE#         59
  C:11E4H         LINE#         60
  C:11EBH         LINE#         61
  C:11EBH         LINE#         62
  C:11F6H         LINE#         63
  C:11FAH         LINE#         64
  C:11FAH         LINE#         65
  C:11FCH         LINE#         66
  C:1207H         LINE#         67
  C:1209H         LINE#         68
  C:120CH         LINE#         69
  C:120EH         LINE#         70
  C:120EH         LINE#         71
  C:1216H         LINE#         72
  C:122AH         LINE#         73
  C:122AH         LINE#         74
  C:1232H         LINE#         75
  C:1244H         LINE#         76
  C:124BH         LINE#         77
  C:124DH         LINE#         78
  C:124DH         LINE#         79
  C:1250H         LINE#         80
  C:1252H         LINE#         81
  -------         ENDPROC       HC_SR
  -------         ENDMOD        HC_SR04

  -------         MODULE        ?C?FPMUL
  C:001EH         PUBLIC        ?C?FPMUL
  -------         ENDMOD        ?C?FPMUL

  -------         MODULE        ?C?FPDIV
  C:0127H         PUBLIC        ?C?FPDIV
  -------         ENDMOD        ?C?FPDIV

  -------         MODULE        ?C?FPCMP
  C:01C6H         PUBLIC        ?C?FPCMP
  C:01C4H         PUBLIC        ?C?FPCMP3
  -------         ENDMOD        ?C?FPCMP

  -------         MODULE        ?C?FCAST
  C:023BH         PUBLIC        ?C?FCASTC
  C:0236H         PUBLIC        ?C?FCASTI
  C:0231H         PUBLIC        ?C?FCASTL
  -------         ENDMOD        ?C?FCAST

  -------         MODULE        ?C?CASTF
  C:026FH         PUBLIC        ?C?CASTF
  -------         ENDMOD        ?C?CASTF

  -------         MODULE        PRINTF
  D:0024H         PUBLIC        ?_PRINTF?BYTE
  D:0024H         PUBLIC        ?_SPRINTF?BYTE
  C:08BFH         PUBLIC        _PRINTF
  C:08B9H         PUBLIC        _SPRINTF
  -------         ENDMOD        PRINTF

  -------         MODULE        ?C?FPROUND
BL51 BANKED LINKER/LOCATER V6.22                                                      11/21/2016  21:46:11  PAGE 39


  C:02F0H         PUBLIC        ?C?FPROUND
  -------         ENDMOD        ?C?FPROUND

  -------         MODULE        ?C?FPCONVERT
  C:031FH         PUBLIC        ?C?FPCONVERT
  -------         ENDMOD        ?C?FPCONVERT

  -------         MODULE        ?C?FPADD
  C:0429H         PUBLIC        ?C?FPADD
  C:0425H         PUBLIC        ?C?FPSUB
  -------         ENDMOD        ?C?FPADD

  -------         MODULE        ?C?FTNPWR
  C:054AH         PUBLIC        ?C?FTNPWR
  -------         ENDMOD        ?C?FTNPWR

  -------         MODULE        ?C?CLDPTR
  C:058AH         PUBLIC        ?C?CLDPTR
  -------         ENDMOD        ?C?CLDPTR

  -------         MODULE        ?C?CLDOPTR
  C:05A3H         PUBLIC        ?C?CLDOPTR
  -------         ENDMOD        ?C?CLDOPTR

  -------         MODULE        ?C?CSTPTR
  C:05D0H         PUBLIC        ?C?CSTPTR
  -------         ENDMOD        ?C?CSTPTR

  -------         MODULE        ?C?CSTOPTR
  C:05E2H         PUBLIC        ?C?CSTOPTR
  -------         ENDMOD        ?C?CSTOPTR

  -------         MODULE        ?C?UIDIV
  C:0604H         PUBLIC        ?C?UIDIV
  -------         ENDMOD        ?C?UIDIV

  -------         MODULE        ?C?SLDIV
  C:16B0H         PUBLIC        ?C?SLDIV
  -------         ENDMOD        ?C?SLDIV

  -------         MODULE        ?C?LNEG
  C:0659H         PUBLIC        ?C?LNEG
  -------         ENDMOD        ?C?LNEG

  -------         MODULE        ?C?PLDIIDATA
  C:0667H         PUBLIC        ?C?PLDIIDATA
  -------         ENDMOD        ?C?PLDIIDATA

  -------         MODULE        ?C?CCASE
  C:0677H         PUBLIC        ?C?CCASE
  -------         ENDMOD        ?C?CCASE

  -------         MODULE        PUTCHAR
  C:1979H         PUBLIC        _PUTCHAR
  -------         ENDMOD        PUTCHAR

  -------         MODULE        ?C?COPYP2
BL51 BANKED LINKER/LOCATER V6.22                                                      11/21/2016  21:46:11  PAGE 40


  C:0769H         PUBLIC        ?C?COPYP2
  -------         ENDMOD        ?C?COPYP2

  -------         MODULE        ?C?ULDIV
  C:07CBH         PUBLIC        ?C?ULDIV
  -------         ENDMOD        ?C?ULDIV

*** WARNING L16: UNCALLED SEGMENT, IGNORED FOR OVERLAY PROCESS
    SEGMENT: ?PR?DELAY10MS?DELAY

*** WARNING L16: UNCALLED SEGMENT, IGNORED FOR OVERLAY PROCESS
    SEGMENT: ?PR?_DELAY?DELAY

*** WARNING L16: UNCALLED SEGMENT, IGNORED FOR OVERLAY PROCESS
    SEGMENT: ?PR?INITTIMER0?TIMER

*** WARNING L16: UNCALLED SEGMENT, IGNORED FOR OVERLAY PROCESS
    SEGMENT: ?PR?INITTIMER1?TIMER

*** WARNING L16: UNCALLED SEGMENT, IGNORED FOR OVERLAY PROCESS
    SEGMENT: ?PR?_U8DATA_UART?UART

*** WARNING L16: UNCALLED SEGMENT, IGNORED FOR OVERLAY PROCESS
    SEGMENT: ?PR?_U16DATA_UART?UART

*** WARNING L16: UNCALLED SEGMENT, IGNORED FOR OVERLAY PROCESS
    SEGMENT: ?PR?_PC_PRINTF_UART?UART

*** WARNING L16: UNCALLED SEGMENT, IGNORED FOR OVERLAY PROCESS
    SEGMENT: ?PR?_UART_U8?UART

*** WARNING L16: UNCALLED SEGMENT, IGNORED FOR OVERLAY PROCESS
    SEGMENT: ?PR?_UART_BYTE?UART

*** WARNING L16: UNCALLED SEGMENT, IGNORED FOR OVERLAY PROCESS
    SEGMENT: ?PR?SETRX_MODE?NRF24L01

*** WARNING L16: UNCALLED SEGMENT, IGNORED FOR OVERLAY PROCESS
    SEGMENT: ?PR?_NRF24L01_RX_MODE?NRF24L01

*** WARNING L16: UNCALLED SEGMENT, IGNORED FOR OVERLAY PROCESS
    SEGMENT: ?PR?_NRF24L01_RXPACKET?NRF24L01

*** WARNING L5: CODE SPACE MEMORY OVERLAP
    FROM:    000BH
    TO:      000DH

*** WARNING L1: UNRESOLVED EXTERNAL SYMBOL
    SYMBOL:  ULTRA_CHECK_FLAG
    MODULE:  ..\OBJ\Timer.obj (TIMER)

*** WARNING L1: UNRESOLVED EXTERNAL SYMBOL
    SYMBOL:  SR04_OVER_FLAG
    MODULE:  ..\OBJ\Timer.obj (TIMER)

*** WARNING L2: REFERENCE MADE TO UNRESOLVED EXTERNAL
    SYMBOL:  ULTRA_CHECK_FLAG
BL51 BANKED LINKER/LOCATER V6.22                                                      11/21/2016  21:46:11  PAGE 41


    MODULE:  ..\OBJ\Timer.obj (TIMER)
    ADDRESS: 19B5H

*** WARNING L2: REFERENCE MADE TO UNRESOLVED EXTERNAL
    SYMBOL:  SR04_OVER_FLAG
    MODULE:  ..\OBJ\Timer.obj (TIMER)
    ADDRESS: 1CBFH

*** WARNING L1: UNRESOLVED EXTERNAL SYMBOL
    SYMBOL:  ULTRA_CHECK_FLAG
    MODULE:  ..\OBJ\HC_SR04.obj (HC_SR04)

*** WARNING L1: UNRESOLVED EXTERNAL SYMBOL
    SYMBOL:  SR04_OVER_FLAG
    MODULE:  ..\OBJ\HC_SR04.obj (HC_SR04)

*** WARNING L2: REFERENCE MADE TO UNRESOLVED EXTERNAL
    SYMBOL:  SR04_OVER_FLAG
    MODULE:  ..\OBJ\HC_SR04.obj (HC_SR04)
    ADDRESS: 16FEH

*** WARNING L2: REFERENCE MADE TO UNRESOLVED EXTERNAL
    SYMBOL:  SR04_OVER_FLAG
    MODULE:  ..\OBJ\HC_SR04.obj (HC_SR04)
    ADDRESS: 170DH

*** WARNING L2: REFERENCE MADE TO UNRESOLVED EXTERNAL
    SYMBOL:  ULTRA_CHECK_FLAG
    MODULE:  ..\OBJ\HC_SR04.obj (HC_SR04)
    ADDRESS: 11F7H

*** WARNING L2: REFERENCE MADE TO UNRESOLVED EXTERNAL
    SYMBOL:  ULTRA_CHECK_FLAG
    MODULE:  ..\OBJ\HC_SR04.obj (HC_SR04)
    ADDRESS: 120BH

Program Size: data=86.1 xdata=6 code=7414
LINK/LOCATE RUN COMPLETE.  23 WARNING(S),  0 ERROR(S)
